Archive member included to satisfy reference by file (symbol)

C:/ST/STM32CubeIDE_1.19.0/STM32CubeIDE/plugins/com.st.stm32cube.ide.mcu.externaltools.gnu-tools-for-stm32.13.3.rel1.win32_1.0.100.202509120712/tools/bin/../lib/gcc/arm-none-eabi/13.3.1/../../../../arm-none-eabi/lib/thumb/v7e-m+fp/hard\libc_nano.a(libc_a-exit.o)
                              C:/ST/STM32CubeIDE_1.19.0/STM32CubeIDE/plugins/com.st.stm32cube.ide.mcu.externaltools.gnu-tools-for-stm32.13.3.rel1.win32_1.0.100.202509120712/tools/bin/../lib/gcc/arm-none-eabi/13.3.1/../../../../arm-none-eabi/lib/thumb/v7e-m+fp/hard/crt0.o (exit)
C:/ST/STM32CubeIDE_1.19.0/STM32CubeIDE/plugins/com.st.stm32cube.ide.mcu.externaltools.gnu-tools-for-stm32.13.3.rel1.win32_1.0.100.202509120712/tools/bin/../lib/gcc/arm-none-eabi/13.3.1/../../../../arm-none-eabi/lib/thumb/v7e-m+fp/hard\libc_nano.a(libc_a-findfp.o)
                              C:/ST/STM32CubeIDE_1.19.0/STM32CubeIDE/plugins/com.st.stm32cube.ide.mcu.externaltools.gnu-tools-for-stm32.13.3.rel1.win32_1.0.100.202509120712/tools/bin/../lib/gcc/arm-none-eabi/13.3.1/../../../../arm-none-eabi/lib/thumb/v7e-m+fp/hard\libc_nano.a(libc_a-exit.o) (__stdio_exit_handler)
C:/ST/STM32CubeIDE_1.19.0/STM32CubeIDE/plugins/com.st.stm32cube.ide.mcu.externaltools.gnu-tools-for-stm32.13.3.rel1.win32_1.0.100.202509120712/tools/bin/../lib/gcc/arm-none-eabi/13.3.1/../../../../arm-none-eabi/lib/thumb/v7e-m+fp/hard\libc_nano.a(libc_a-fwalk.o)
                              C:/ST/STM32CubeIDE_1.19.0/STM32CubeIDE/plugins/com.st.stm32cube.ide.mcu.externaltools.gnu-tools-for-stm32.13.3.rel1.win32_1.0.100.202509120712/tools/bin/../lib/gcc/arm-none-eabi/13.3.1/../../../../arm-none-eabi/lib/thumb/v7e-m+fp/hard\libc_nano.a(libc_a-findfp.o) (_fwalk_sglue)
C:/ST/STM32CubeIDE_1.19.0/STM32CubeIDE/plugins/com.st.stm32cube.ide.mcu.externaltools.gnu-tools-for-stm32.13.3.rel1.win32_1.0.100.202509120712/tools/bin/../lib/gcc/arm-none-eabi/13.3.1/../../../../arm-none-eabi/lib/thumb/v7e-m+fp/hard\libc_nano.a(libc_a-printf.o)
                              ./Core/Src/main.o (printf)
C:/ST/STM32CubeIDE_1.19.0/STM32CubeIDE/plugins/com.st.stm32cube.ide.mcu.externaltools.gnu-tools-for-stm32.13.3.rel1.win32_1.0.100.202509120712/tools/bin/../lib/gcc/arm-none-eabi/13.3.1/../../../../arm-none-eabi/lib/thumb/v7e-m+fp/hard\libc_nano.a(libc_a-puts.o)
                              ./Core/Src/main.o (puts)
C:/ST/STM32CubeIDE_1.19.0/STM32CubeIDE/plugins/com.st.stm32cube.ide.mcu.externaltools.gnu-tools-for-stm32.13.3.rel1.win32_1.0.100.202509120712/tools/bin/../lib/gcc/arm-none-eabi/13.3.1/../../../../arm-none-eabi/lib/thumb/v7e-m+fp/hard\libc_nano.a(libc_a-snprintf.o)
                              ./Core/lcd_utilities/lcd_util.o (snprintf)
C:/ST/STM32CubeIDE_1.19.0/STM32CubeIDE/plugins/com.st.stm32cube.ide.mcu.externaltools.gnu-tools-for-stm32.13.3.rel1.win32_1.0.100.202509120712/tools/bin/../lib/gcc/arm-none-eabi/13.3.1/../../../../arm-none-eabi/lib/thumb/v7e-m+fp/hard\libc_nano.a(libc_a-stdio.o)
                              C:/ST/STM32CubeIDE_1.19.0/STM32CubeIDE/plugins/com.st.stm32cube.ide.mcu.externaltools.gnu-tools-for-stm32.13.3.rel1.win32_1.0.100.202509120712/tools/bin/../lib/gcc/arm-none-eabi/13.3.1/../../../../arm-none-eabi/lib/thumb/v7e-m+fp/hard\libc_nano.a(libc_a-findfp.o) (__sread)
C:/ST/STM32CubeIDE_1.19.0/STM32CubeIDE/plugins/com.st.stm32cube.ide.mcu.externaltools.gnu-tools-for-stm32.13.3.rel1.win32_1.0.100.202509120712/tools/bin/../lib/gcc/arm-none-eabi/13.3.1/../../../../arm-none-eabi/lib/thumb/v7e-m+fp/hard\libc_nano.a(libc_a-wbuf.o)
                              C:/ST/STM32CubeIDE_1.19.0/STM32CubeIDE/plugins/com.st.stm32cube.ide.mcu.externaltools.gnu-tools-for-stm32.13.3.rel1.win32_1.0.100.202509120712/tools/bin/../lib/gcc/arm-none-eabi/13.3.1/../../../../arm-none-eabi/lib/thumb/v7e-m+fp/hard\libc_nano.a(libc_a-puts.o) (__swbuf_r)
C:/ST/STM32CubeIDE_1.19.0/STM32CubeIDE/plugins/com.st.stm32cube.ide.mcu.externaltools.gnu-tools-for-stm32.13.3.rel1.win32_1.0.100.202509120712/tools/bin/../lib/gcc/arm-none-eabi/13.3.1/../../../../arm-none-eabi/lib/thumb/v7e-m+fp/hard\libc_nano.a(libc_a-wsetup.o)
                              C:/ST/STM32CubeIDE_1.19.0/STM32CubeIDE/plugins/com.st.stm32cube.ide.mcu.externaltools.gnu-tools-for-stm32.13.3.rel1.win32_1.0.100.202509120712/tools/bin/../lib/gcc/arm-none-eabi/13.3.1/../../../../arm-none-eabi/lib/thumb/v7e-m+fp/hard\libc_nano.a(libc_a-puts.o) (__swsetup_r)
C:/ST/STM32CubeIDE_1.19.0/STM32CubeIDE/plugins/com.st.stm32cube.ide.mcu.externaltools.gnu-tools-for-stm32.13.3.rel1.win32_1.0.100.202509120712/tools/bin/../lib/gcc/arm-none-eabi/13.3.1/../../../../arm-none-eabi/lib/thumb/v7e-m+fp/hard\libc_nano.a(libc_a-memset.o)
                              C:/ST/STM32CubeIDE_1.19.0/STM32CubeIDE/plugins/com.st.stm32cube.ide.mcu.externaltools.gnu-tools-for-stm32.13.3.rel1.win32_1.0.100.202509120712/tools/bin/../lib/gcc/arm-none-eabi/13.3.1/../../../../arm-none-eabi/lib/thumb/v7e-m+fp/hard/crt0.o (memset)
[...]
Memory Configuration

Name             Origin             Length             Attributes
CCMRAM           0x10000000         0x00010000         xrw
RAM              0x20000000         0x00020000         xrw
FLASH            0x08000000         0x00100000         xr
*default*        0x00000000         0xffffffff

Linker script and memory map

LOAD C:/ST/STM32CubeIDE_1.19.0/STM32CubeIDE/plugins/com.st.stm32cube.ide.mcu.externaltools.gnu-tools-for-stm32.13.3.rel1.win32_1.0.100.202509120712/tools/bin/../lib/gcc/arm-none-eabi/13.3.1/thumb/v7e-m+fp/hard/crti.o
LOAD C:/ST/STM32CubeIDE_1.19.0/STM32CubeIDE/plugins/com.st.stm32cube.ide.mcu.externaltools.gnu-tools-for-stm32.13.3.rel1.win32_1.0.100.202509120712/tools/bin/../lib/gcc/arm-none-eabi/13.3.1/thumb/v7e-m+fp/hard/crtbegin.o
LOAD C:/ST/STM32CubeIDE_1.19.0/STM32CubeIDE/plugins/com.st.stm32cube.ide.mcu.externaltools.gnu-tools-for-stm32.13.3.rel1.win32_1.0.100.202509120712/tools/bin/../lib/gcc/arm-none-eabi/13.3.1/../../../../arm-none-eabi/lib/thumb/v7e-m+fp/hard/crt0.o
LOAD ./Core/Common/fonts.o
LOAD ./Core/Src/fsmc.o
LOAD ./Core/Src/gpio.o
LOAD ./Core/Src/lcd.o
LOAD ./Core/Src/main.o
LOAD ./Core/Src/stm32f4xx_hal_msp.o
LOAD ./Core/Src/stm32f4xx_it.o
LOAD ./Core/Src/syscalls.o
LOAD ./Core/Src/sysmem.o
LOAD ./Core/Src/system_stm32f4xx.o
LOAD ./Core/Src/tim.o
LOAD ./Core/Src/usart.o
LOAD ./Core/Startup/startup_stm32f407ighx.o
LOAD ./Core/lcd_utilities/lcd_util.o
LOAD ./Core/usb_dev_scr/usb_dev.o
LOAD ./Drivers/STM32F4xx_HAL_Driver/Src/stm32f4xx_hal.o
LOAD ./Drivers/STM32F4xx_HAL_Driver/Src/stm32f4xx_hal_cortex.o
LOAD ./Drivers/STM32F4xx_HAL_Driver/Src/stm32f4xx_hal_dma.o
LOAD ./Drivers/STM32F4xx_HAL_Driver/Src/stm32f4xx_hal_dma_ex.o
LOAD ./Drivers/STM32F4xx_HAL_Driver/Src/stm32f4xx_hal_exti.o
LOAD ./Drivers/STM32F4xx_HAL_Driver/Src/stm32f4xx_hal_flash.o
LOAD ./Drivers/STM32F4xx_HAL_Driver/Src/stm32f4xx_hal_flash_ex.o
LOAD ./Drivers/STM32F4xx_HAL_Driver/Src/stm32f4xx_hal_flash_ramfunc.o
LOAD ./Drivers/STM32F4xx_HAL_Driver/Src/stm32f4xx_hal_gpio.o
LOAD ./Drivers/STM32F4xx_HAL_Driver/Src/stm32f4xx_hal_nand.o
LOAD ./Drivers/STM32F4xx_HAL_Driver/Src/stm32f4xx_hal_nor.o
LOAD ./Drivers/STM32F4xx_HAL_Driver/Src/stm32f4xx_hal_pccard.o
LOAD ./Drivers/STM32F4xx_HAL_Driver/Src/stm32f4xx_hal_pwr.o
LOAD ./Drivers/STM32F4xx_HAL_Driver/Src/stm32f4xx_hal_pwr_ex.o
LOAD ./Drivers/STM32F4xx_HAL_Driver/Src/stm32f4xx_hal_rcc.o
LOAD ./Drivers/STM32F4xx_HAL_Driver/Src/stm32f4xx_hal_rcc_ex.o
LOAD ./Drivers/STM32F4xx_HAL_Driver/Src/stm32f4xx_hal_sram.o
LOAD ./Drivers/STM32F4xx_HAL_Driver/Src/stm32f4xx_hal_tim.o
LOAD ./Drivers/STM32F4xx_HAL_Driver/Src/stm32f4xx_hal_tim_ex.o
LOAD ./Drivers/STM32F4xx_HAL_Driver/Src/stm32f4xx_hal_uart.o
LOAD ./Drivers/STM32F4xx_HAL_Driver/Src/stm32f4xx_ll_fsmc.o
START GROUP
LOAD C:/ST/STM32CubeIDE_1.19.0/STM32CubeIDE/plugins/com.st.stm32cube.ide.mcu.externaltools.gnu-tools-for-stm32.13.3.rel1.win32_1.0.100.202509120712/tools/bin/../lib/gcc/arm-none-eabi/13.3.1/../../../../arm-none-eabi/lib/thumb/v7e-m+fp/hard\libc_nano.a
LOAD C:/ST/STM32CubeIDE_1.19.0/STM32CubeIDE/plugins/com.st.stm32cube.ide.mcu.externaltools.gnu-tools-for-stm32.13.3.rel1.win32_1.0.100.202509120712/tools/bin/../lib/gcc/arm-none-eabi/13.3.1/../../../../arm-none-eabi/lib/thumb/v7e-m+fp/hard\libm.a
END GROUP
START GROUP
LOAD C:/ST/STM32CubeIDE_1.19.0/STM32CubeIDE/plugins/com.st.stm32cube.ide.mcu.externaltools.gnu-tools-for-stm32.13.3.rel1.win32_1.0.100.202509120712/tools/bin/../lib/gcc/arm-none-eabi/13.3.1/thumb/v7e-m+fp/hard\libgcc.a
LOAD C:/ST/STM32CubeIDE_1.19.0/STM32CubeIDE/plugins/com.st.stm32cube.ide.mcu.externaltools.gnu-tools-for-stm32.13.3.rel1.win32_1.0.100.202509120712/tools/bin/../lib/gcc/arm-none-eabi/13.3.1/../../../../arm-none-eabi/lib/thumb/v7e-m+fp/hard\libc_nano.a
END GROUP
START GROUP
LOAD C:/ST/STM32CubeIDE_1.19.0/STM32CubeIDE/plugins/com.st.stm32cube.ide.mcu.externaltools.gnu-tools-for-stm32.13.3.rel1.win32_1.0.100.202509120712/tools/bin/../lib/gcc/arm-none-eabi/13.3.1/thumb/v7e-m+fp/hard\libgcc.a
LOAD C:/ST/STM32CubeIDE_1.19.0/STM32CubeIDE/plugins/com.st.stm32cube.ide.mcu.externaltools.gnu-tools-for-stm32.13.3.rel1.win32_1.0.100.202509120712/tools/bin/../lib/gcc/arm-none-eabi/13.3.1/../../../../arm-none-eabi/lib/thumb/v7e-m+fp/hard\libc_nano.a
LOAD C:/ST/STM32CubeIDE_1.19.0/STM32CubeIDE/plugins/com.st.stm32cube.ide.mcu.externaltools.gnu-tools-for-stm32.13.3.rel1.win32_1.0.100.202509120712/tools/bin/../lib/gcc/arm-none-eabi/13.3.1/../../../../arm-none-eabi/lib/thumb/v7e-m+fp/hard\libnosys.a
END GROUP
START GROUP
LOAD C:/ST/STM32CubeIDE_1.19.0/STM32CubeIDE/plugins/com.st.stm32cube.ide.mcu.externaltools.gnu-tools-for-stm32.13.3.rel1.win32_1.0.100.202509120712/tools/bin/../lib/gcc/arm-none-eabi/13.3.1/thumb/v7e-m+fp/hard\libgcc.a
LOAD C:/ST/STM32CubeIDE_1.19.0/STM32CubeIDE/plugins/com.st.stm32cube.ide.mcu.externaltools.gnu-tools-for-stm32.13.3.rel1.win32_1.0.100.202509120712/tools/bin/../lib/gcc/arm-none-eabi/13.3.1/../../../../arm-none-eabi/lib/thumb/v7e-m+fp/hard\libc_nano.a
LOAD C:/ST/STM32CubeIDE_1.19.0/STM32CubeIDE/plugins/com.st.stm32cube.ide.mcu.externaltools.gnu-tools-for-stm32.13.3.rel1.win32_1.0.100.202509120712/tools/bin/../lib/gcc/arm-none-eabi/13.3.1/../../../../arm-none-eabi/lib/thumb/v7e-m+fp/hard\libnosys.a
END GROUP
LOAD C:/ST/STM32CubeIDE_1.19.0/STM32CubeIDE/plugins/com.st.stm32cube.ide.mcu.externaltools.gnu-tools-for-stm32.13.3.rel1.win32_1.0.100.202509120712/tools/bin/../lib/gcc/arm-none-eabi/13.3.1/thumb/v7e-m+fp/hard/crtend.o
LOAD C:/ST/STM32CubeIDE_1.19.0/STM32CubeIDE/plugins/com.st.stm32cube.ide.mcu.externaltools.gnu-tools-for-stm32.13.3.rel1.win32_1.0.100.202509120712/tools/bin/../lib/gcc/arm-none-eabi/13.3.1/thumb/v7e-m+fp/hard/crtn.o
                0x20020000                        _estack = (ORIGIN (RAM) + LENGTH (RAM))
                0x00000200                        _Min_Heap_Size = 0x200
                0x00000400                        _Min_Stack_Size = 0x400

.isr_vector     0x08000000      0x188
                0x08000000                        . = ALIGN (0x4)
 *(.isr_vector)
 .isr_vector    0x08000000      0x188 ./Core/Startup/startup_stm32f407ighx.o
                0x08000000                g_pfnVectors
                0x08000188                        . = ALIGN (0x4)

.text           0x08000190     0x532c
                0x08000190                        . = ALIGN (0x4)
 *(.text)
 .text          0x08000190       0x40 C:/ST/STM32CubeIDE_1.19.0/STM32CubeIDE/plugins/com.st.stm32cube.ide.mcu.externaltools.gnu-tools-for-stm32.13.3.rel1.win32_1.0.100.202509120712/tools/bin/../lib/gcc/arm-none-eabi/13.3.1/thumb/v7e-m+fp/hard/crtbegin.o
 .text          0x080001d0       0xa0 C:/ST/STM32CubeIDE_1.19.0/STM32CubeIDE/plugins/com.st.stm32cube.ide.mcu.externaltools.gnu-tools-for-stm32.13.3.rel1.win32_1.0.100.202509120712/tools/bin/../lib/gcc/arm-none-eabi/13.3.1/../../../../arm-none-eabi/lib/thumb/v7e-m+fp/hard\libc_nano.a(libc_a-memchr.o)
                0x080001d0                memchr
 .text          0x08000270       0x30 C:/ST/STM32CubeIDE_1.19.0/STM32CubeIDE/plugins/com.st.stm32cube.ide.mcu.externaltools.gnu-tools-for-stm32.13.3.rel1.win32_1.0.100.202509120712/tools/bin/../lib/gcc/arm-none-eabi/13.3.1/thumb/v7e-m+fp/hard\libgcc.a(_aeabi_uldivmod.o)
                0x08000270                __aeabi_uldivmod
 .text          0x080002a0      0x2f8 C:/ST/STM32CubeIDE_1.19.0/STM32CubeIDE/plugins/com.st.stm32cube.ide.mcu.externaltools.gnu-tools-for-stm32.13.3.rel1.win32_1.0.100.202509120712/tools/bin/../lib/gcc/arm-none-eabi/13.3.1/thumb/v7e-m+fp/hard\libgcc.a(_udivmoddi4.o)
                0x080002a0                __udivmoddi4
 .text          0x08000598        0x4 C:/ST/STM32CubeIDE_1.19.0/STM32CubeIDE/plugins/com.st.stm32cube.ide.mcu.externaltools.gnu-tools-for-stm32.13.3.rel1.win32_1.0.100.202509120712/tools/bin/../lib/gcc/arm-none-eabi/13.3.1/thumb/v7e-m+fp/hard\libgcc.a(_dvmd_tls.o)
                0x08000598                __aeabi_idiv0
                0x08000598                __aeabi_ldiv0
 *(.text*)
 .text.MX_FSMC_Init
                0x0800059c       0xc0 ./Core/Src/fsmc.o
                0x0800059c                MX_FSMC_Init
 .text.HAL_FSMC_MspInit
                0x0800065c       0xe0 ./Core/Src/fsmc.o
 .text.HAL_SRAM_MspInit
                0x0800073c       0x14 ./Core/Src/fsmc.o
                0x0800073c                HAL_SRAM_MspInit
 .text.MX_GPIO_Init
                0x08000750      0x158 ./Core/Src/gpio.o
                0x08000750                MX_GPIO_Init
 .text.delay    0x080008a8       0x38 ./Core/Src/lcd.o
 .text.LCD_WriteReg
                0x080008e0       0x2e ./Core/Src/lcd.o
                0x080008e0                LCD_WriteReg
 .text.LCD_ReadReg
                0x0800090e       0x28 ./Core/Src/lcd.o
                0x0800090e                LCD_ReadReg
 *fill*         0x08000936        0x2 
 .text.LCD_SetFont
                0x08000938       0x20 ./Core/Src/lcd.o
                0x08000938                LCD_SetFont
 .text.LCD_SetCursor
                0x08000958       0x2c ./Core/Src/lcd.o
                0x08000958                LCD_SetCursor
 .text.LCD_WriteRAM_Prepare
                0x08000984       0x16 ./Core/Src/lcd.o
                0x08000984                LCD_WriteRAM_Prepare
 .text.LCD_WriteRAM
                0x0800099a       0x1e ./Core/Src/lcd.o
                0x0800099a                LCD_WriteRAM
 .text.LCD_Clear
                0x080009b8       0x42 ./Core/Src/lcd.o
                0x080009b8                LCD_Clear
 *fill*         0x080009fa        0x2 
 .text.LCD_Init
                0x080009fc      0x440 ./Core/Src/lcd.o
                0x080009fc                LCD_Init
 .text.LCD_DrawChar
                0x08000e3c      0x108 ./Core/Src/lcd.o
                0x08000e3c                LCD_DrawChar
 .text.LCD_SetTextColor
                0x08000f44       0x24 ./Core/Src/lcd.o
                0x08000f44                LCD_SetTextColor
 .text.LCD_DisplayChar
                0x08000f68       0x44 ./Core/Src/lcd.o
                0x08000f68                LCD_DisplayChar
 .text.main     0x08000fac      0x324 ./Core/Src/main.o
                0x08000fac                main
 .text.SystemClock_Config
                0x080012d0       0xd4 ./Core/Src/main.o
                0x080012d0                SystemClock_Config
 .text.HAL_GPIO_EXTI_Callback
                0x080013a4      0x174 ./Core/Src/main.o
                0x080013a4                HAL_GPIO_EXTI_Callback
 .text.Error_Handler
                0x08001518        0xc ./Core/Src/main.o
                0x08001518                Error_Handler
 .text.HAL_MspInit
                0x08001524       0x50 ./Core/Src/stm32f4xx_hal_msp.o
                0x08001524                HAL_MspInit
 .text.NMI_Handler
                0x08001574        0x8 ./Core/Src/stm32f4xx_it.o
                0x08001574                NMI_Handler
 .text.HardFault_Handler
                0x0800157c        0x8 ./Core/Src/stm32f4xx_it.o
                0x0800157c                HardFault_Handler
 .text.MemManage_Handler
                0x08001584        0x8 ./Core/Src/stm32f4xx_it.o
                0x08001584                MemManage_Handler
 .text.BusFault_Handler
                0x0800158c        0x8 ./Core/Src/stm32f4xx_it.o
                0x0800158c                BusFault_Handler
 .text.UsageFault_Handler
                0x08001594        0x8 ./Core/Src/stm32f4xx_it.o
                0x08001594                UsageFault_Handler
 .text.SVC_Handler
                0x0800159c        0xe ./Core/Src/stm32f4xx_it.o
                0x0800159c                SVC_Handler
 .text.DebugMon_Handler
                0x080015aa        0xe ./Core/Src/stm32f4xx_it.o
                0x080015aa                DebugMon_Handler
 .text.PendSV_Handler
                0x080015b8        0xe ./Core/Src/stm32f4xx_it.o
                0x080015b8                PendSV_Handler
 .text.SysTick_Handler
                0x080015c6        0xc ./Core/Src/stm32f4xx_it.o
                0x080015c6                SysTick_Handler
 .text.EXTI9_5_IRQHandler
                0x080015d2       0x10 ./Core/Src/stm32f4xx_it.o
                0x080015d2                EXTI9_5_IRQHandler
 *fill*         0x080015e2        0x2 
 .text.OTG_FS_IRQHandler
                0x080015e4      0x3bc ./Core/Src/stm32f4xx_it.o
                0x080015e4                OTG_FS_IRQHandler
 .text._read    0x080019a0       0x3a ./Core/Src/syscalls.o
                0x080019a0                _read
 .text._write   0x080019da       0x38 ./Core/Src/syscalls.o
                0x080019da                _write
 .text._close   0x08001a12       0x18 ./Core/Src/syscalls.o
                0x08001a12                _close
 .text._fstat   0x08001a2a       0x20 ./Core/Src/syscalls.o
                0x08001a2a                _fstat
 .text._isatty  0x08001a4a       0x16 ./Core/Src/syscalls.o
                0x08001a4a                _isatty
 .text._lseek   0x08001a60       0x1a ./Core/Src/syscalls.o
                0x08001a60                _lseek
 *fill*         0x08001a7a        0x2 
 .text._sbrk    0x08001a7c       0x6c ./Core/Src/sysmem.o
                0x08001a7c                _sbrk
 .text.SystemInit
                0x08001ae8       0x24 ./Core/Src/system_stm32f4xx.o
                0x08001ae8                SystemInit
 .text.MX_TIM2_Init
                0x08001b0c       0x98 ./Core/Src/tim.o
                0x08001b0c                MX_TIM2_Init
 .text.HAL_TIM_Base_MspInit
                0x08001ba4       0x40 ./Core/Src/tim.o
                0x08001ba4                HAL_TIM_Base_MspInit
 .text.MX_USART2_UART_Init
                0x08001be4       0x54 ./Core/Src/usart.o
                0x08001be4                MX_USART2_UART_Init
 .text.HAL_UART_MspInit
                0x08001c38       0xd0 ./Core/Src/usart.o
                0x08001c38                HAL_UART_MspInit
 .text.Reset_Handler
                0x08001d08       0x50 ./Core/Startup/startup_stm32f407ighx.o
                0x08001d08                Reset_Handler
 .text.Default_Handler
                0x08001d58        0x2 ./Core/Startup/startup_stm32f407ighx.o
                0x08001d58                RTC_Alarm_IRQHandler
                0x08001d58                HASH_RNG_IRQHandler
                0x08001d58                EXTI2_IRQHandler
                0x08001d58                TIM8_CC_IRQHandler
                0x08001d58                TIM1_CC_IRQHandler
                0x08001d58                DMA2_Stream5_IRQHandler
                0x08001d58                DMA1_Stream5_IRQHandler
                0x08001d58                PVD_IRQHandler
                0x08001d58                SDIO_IRQHandler
                0x08001d58                TAMP_STAMP_IRQHandler
                0x08001d58                CAN2_RX1_IRQHandler
                0x08001d58                EXTI3_IRQHandler
                0x08001d58                TIM8_TRG_COM_TIM14_IRQHandler
                0x08001d58                TIM1_UP_TIM10_IRQHandler
                0x08001d58                TIM8_UP_TIM13_IRQHandler
                0x08001d58                I2C3_ER_IRQHandler
                0x08001d58                EXTI0_IRQHandler
                0x08001d58                I2C2_EV_IRQHandler
                0x08001d58                DMA1_Stream2_IRQHandler
                0x08001d58                CAN1_RX0_IRQHandler
                0x08001d58                FPU_IRQHandler
                0x08001d58                OTG_HS_WKUP_IRQHandler
                0x08001d58                CAN2_SCE_IRQHandler
                0x08001d58                DMA2_Stream2_IRQHandler
                0x08001d58                SPI1_IRQHandler
                0x08001d58                TIM6_DAC_IRQHandler
                0x08001d58                TIM1_BRK_TIM9_IRQHandler
                0x08001d58                DCMI_IRQHandler
                0x08001d58                CAN2_RX0_IRQHandler
                0x08001d58                DMA2_Stream3_IRQHandler
                0x08001d58                USART6_IRQHandler
                0x08001d58                USART3_IRQHandler
                0x08001d58                CAN1_RX1_IRQHandler
                0x08001d58                UART5_IRQHandler
                0x08001d58                DMA2_Stream0_IRQHandler
                0x08001d58                TIM4_IRQHandler
                0x08001d58                I2C1_EV_IRQHandler
                0x08001d58                DMA1_Stream6_IRQHandler
                0x08001d58                DMA1_Stream1_IRQHandler
                0x08001d58                UART4_IRQHandler
                0x08001d58                TIM3_IRQHandler
                0x08001d58                RCC_IRQHandler
                0x08001d58                TIM8_BRK_TIM12_IRQHandler
                0x08001d58                Default_Handler
                0x08001d58                EXTI15_10_IRQHandler
                0x08001d58                ADC_IRQHandler
                0x08001d58                DMA1_Stream7_IRQHandler
                0x08001d58                TIM7_IRQHandler
                0x08001d58                CAN2_TX_IRQHandler
                0x08001d58                TIM5_IRQHandler
                0x08001d58                DMA2_Stream7_IRQHandler
                0x08001d58                I2C3_EV_IRQHandler
                0x08001d58                RTC_WKUP_IRQHandler
                0x08001d58                ETH_WKUP_IRQHandler
                0x08001d58                SPI2_IRQHandler
                0x08001d58                OTG_HS_EP1_IN_IRQHandler
                0x08001d58                DMA1_Stream0_IRQHandler
                0x08001d58                CAN1_TX_IRQHandler
                0x08001d58                EXTI4_IRQHandler
                0x08001d58                FSMC_IRQHandler
                0x08001d58                ETH_IRQHandler
                0x08001d58                OTG_HS_EP1_OUT_IRQHandler
                0x08001d58                WWDG_IRQHandler
                0x08001d58                TIM2_IRQHandler
                0x08001d58                OTG_FS_WKUP_IRQHandler
                0x08001d58                TIM1_TRG_COM_TIM11_IRQHandler
                0x08001d58                OTG_HS_IRQHandler
                0x08001d58                EXTI1_IRQHandler
                0x08001d58                USART2_IRQHandler
                0x08001d58                I2C2_ER_IRQHandler
                0x08001d58                DMA2_Stream1_IRQHandler
                0x08001d58                CAN1_SCE_IRQHandler
                0x08001d58                FLASH_IRQHandler
                0x08001d58                DMA2_Stream4_IRQHandler
                0x08001d58                USART1_IRQHandler
                0x08001d58                SPI3_IRQHandler
                0x08001d58                DMA1_Stream4_IRQHandler
                0x08001d58                I2C1_ER_IRQHandler
                0x08001d58                DMA2_Stream6_IRQHandler
                0x08001d58                DMA1_Stream3_IRQHandler
 .text.LCD_PrintString16
                0x08001d5a       0x50 ./Core/lcd_utilities/lcd_util.o
                0x08001d5a                LCD_PrintString16
 *fill*         0x08001daa        0x2 
 .text.LCD_PrintUnsigned32Hex
                0x08001dac       0x88 ./Core/lcd_utilities/lcd_util.o
                0x08001dac                LCD_PrintUnsigned32Hex
 .text.EP0_SendP
                0x08001e34       0x40 ./Core/usb_dev_scr/usb_dev.o
                0x08001e34                EP0_SendP
 .text.EP0_RecP
                0x08001e74       0x3c ./Core/usb_dev_scr/usb_dev.o
                0x08001e74                EP0_RecP
 .text.USB_Core_Init
                0x08001eb0       0xdc ./Core/usb_dev_scr/usb_dev.o
                0x08001eb0                USB_Core_Init
 .text.USB_Device_Init
                0x08001f8c       0xcc ./Core/usb_dev_scr/usb_dev.o
                0x08001f8c                USB_Device_Init
 .text.USB_Post_Reset_Pre_Enum
                0x08002058       0xc8 ./Core/usb_dev_scr/usb_dev.o
                0x08002058                USB_Post_Reset_Pre_Enum
 .text.USB_WriteFIFO
                0x08002120       0x8c ./Core/usb_dev_scr/usb_dev.o
                0x08002120                USB_WriteFIFO
 .text.USB_Setup_Process
                0x080021ac      0x1ec ./Core/usb_dev_scr/usb_dev.o
                0x080021ac                USB_Setup_Process
 .text.USB_HID_Send_Consumer_Control
                0x08002398       0x54 ./Core/usb_dev_scr/usb_dev.o
                0x08002398                USB_HID_Send_Consumer_Control
 .text.HAL_Init
                0x080023ec       0x44 ./Drivers/STM32F4xx_HAL_Driver/Src/stm32f4xx_hal.o
                0x080023ec                HAL_Init
 .text.HAL_InitTick
                0x08002430       0x60 ./Drivers/STM32F4xx_HAL_Driver/Src/stm32f4xx_hal.o
                0x08002430                HAL_InitTick
 .text.HAL_IncTick
                0x08002490       0x28 ./Drivers/STM32F4xx_HAL_Driver/Src/stm32f4xx_hal.o
                0x08002490                HAL_IncTick
 .text.HAL_GetTick
                0x080024b8       0x18 ./Drivers/STM32F4xx_HAL_Driver/Src/stm32f4xx_hal.o
                0x080024b8                HAL_GetTick
 .text.HAL_Delay
                0x080024d0       0x48 ./Drivers/STM32F4xx_HAL_Driver/Src/stm32f4xx_hal.o
                0x080024d0                HAL_Delay
 .text.__NVIC_SetPriorityGrouping
                0x08002518       0x48 ./Drivers/STM32F4xx_HAL_Driver/Src/stm32f4xx_hal_cortex.o
 .text.__NVIC_GetPriorityGrouping
                0x08002560       0x1c ./Drivers/STM32F4xx_HAL_Driver/Src/stm32f4xx_hal_cortex.o
 .text.__NVIC_EnableIRQ
                0x0800257c       0x3c ./Drivers/STM32F4xx_HAL_Driver/Src/stm32f4xx_hal_cortex.o
 .text.__NVIC_SetPriority
                0x080025b8       0x54 ./Drivers/STM32F4xx_HAL_Driver/Src/stm32f4xx_hal_cortex.o
 .text.NVIC_EncodePriority
                0x0800260c       0x66 ./Drivers/STM32F4xx_HAL_Driver/Src/stm32f4xx_hal_cortex.o
 *fill*         0x08002672        0x2 
 .text.SysTick_Config
                0x08002674       0x44 ./Drivers/STM32F4xx_HAL_Driver/Src/stm32f4xx_hal_cortex.o
 .text.HAL_NVIC_SetPriorityGrouping
                0x080026b8       0x16 ./Drivers/STM32F4xx_HAL_Driver/Src/stm32f4xx_hal_cortex.o
                0x080026b8                HAL_NVIC_SetPriorityGrouping
 .text.HAL_NVIC_SetPriority
                0x080026ce       0x38 ./Drivers/STM32F4xx_HAL_Driver/Src/stm32f4xx_hal_cortex.o
                0x080026ce                HAL_NVIC_SetPriority
 .text.HAL_NVIC_EnableIRQ
                0x08002706       0x1c ./Drivers/STM32F4xx_HAL_Driver/Src/stm32f4xx_hal_cortex.o
                0x08002706                HAL_NVIC_EnableIRQ
 .text.HAL_SYSTICK_Config
                0x08002722       0x18 ./Drivers/STM32F4xx_HAL_Driver/Src/stm32f4xx_hal_cortex.o
                0x08002722                HAL_SYSTICK_Config
 *fill*         0x0800273a        0x2 
 .text.HAL_GPIO_Init
                0x0800273c      0x338 ./Drivers/STM32F4xx_HAL_Driver/Src/stm32f4xx_hal_gpio.o
                0x0800273c                HAL_GPIO_Init
 .text.HAL_GPIO_ReadPin
                0x08002a74       0x30 ./Drivers/STM32F4xx_HAL_Driver/Src/stm32f4xx_hal_gpio.o
                0x08002a74                HAL_GPIO_ReadPin
 .text.HAL_GPIO_EXTI_IRQHandler
                0x08002aa4       0x30 ./Drivers/STM32F4xx_HAL_Driver/Src/stm32f4xx_hal_gpio.o
                0x08002aa4                HAL_GPIO_EXTI_IRQHandler
 .text.HAL_RCC_OscConfig
                0x08002ad4      0x4f0 ./Drivers/STM32F4xx_HAL_Driver/Src/stm32f4xx_hal_rcc.o
                0x08002ad4                HAL_RCC_OscConfig
 .text.HAL_RCC_ClockConfig
                0x08002fc4      0x1cc ./Drivers/STM32F4xx_HAL_Driver/Src/stm32f4xx_hal_rcc.o
                0x08002fc4                HAL_RCC_ClockConfig
 .text.HAL_RCC_GetSysClockFreq
                0x08003190      0x18c ./Drivers/STM32F4xx_HAL_Driver/Src/stm32f4xx_hal_rcc.o
                0x08003190                HAL_RCC_GetSysClockFreq
 .text.HAL_RCC_GetHCLKFreq
                0x0800331c       0x18 ./Drivers/STM32F4xx_HAL_Driver/Src/stm32f4xx_hal_rcc.o
                0x0800331c                HAL_RCC_GetHCLKFreq
 .text.HAL_RCC_GetPCLK1Freq
                0x08003334       0x28 ./Drivers/STM32F4xx_HAL_Driver/Src/stm32f4xx_hal_rcc.o
                0x08003334                HAL_RCC_GetPCLK1Freq
 .text.HAL_RCC_GetPCLK2Freq
                0x0800335c       0x28 ./Drivers/STM32F4xx_HAL_Driver/Src/stm32f4xx_hal_rcc.o
                0x0800335c                HAL_RCC_GetPCLK2Freq
 .text.HAL_SRAM_Init
                0x08003384       0x90 ./Drivers/STM32F4xx_HAL_Driver/Src/stm32f4xx_hal_sram.o
                0x08003384                HAL_SRAM_Init
 .text.HAL_TIM_Base_Init
                0x08003414       0x9e ./Drivers/STM32F4xx_HAL_Driver/Src/stm32f4xx_hal_tim.o
                0x08003414                HAL_TIM_Base_Init
 *fill*         0x080034b2        0x2 
 .text.HAL_TIM_Base_Start
                0x080034b4       0xd0 ./Drivers/STM32F4xx_HAL_Driver/Src/stm32f4xx_hal_tim.o
                0x080034b4                HAL_TIM_Base_Start
 .text.HAL_TIM_ConfigClockSource
                0x08003584      0x18e ./Drivers/STM32F4xx_HAL_Driver/Src/stm32f4xx_hal_tim.o
                0x08003584                HAL_TIM_ConfigClockSource
 *fill*         0x08003712        0x2 
 .text.TIM_Base_SetConfig
                0x08003714      0x14c ./Drivers/STM32F4xx_HAL_Driver/Src/stm32f4xx_hal_tim.o
                0x08003714                TIM_Base_SetConfig
 .text.TIM_TI1_ConfigInputStage
                0x08003860       0x5e ./Drivers/STM32F4xx_HAL_Driver/Src/stm32f4xx_hal_tim.o
 .text.TIM_TI2_ConfigInputStage
                0x080038be       0x60 ./Drivers/STM32F4xx_HAL_Driver/Src/stm32f4xx_hal_tim.o
 .text.TIM_ITRx_SetConfig
                0x0800391e       0x36 ./Drivers/STM32F4xx_HAL_Driver/Src/stm32f4xx_hal_tim.o
 .text.TIM_ETR_SetConfig
                0x08003954       0x40 ./Drivers/STM32F4xx_HAL_Driver/Src/stm32f4xx_hal_tim.o
                0x08003954                TIM_ETR_SetConfig
 .text.HAL_TIMEx_MasterConfigSynchronization
                0x08003994       0xf8 ./Drivers/STM32F4xx_HAL_Driver/Src/stm32f4xx_hal_tim_ex.o
                0x08003994                HAL_TIMEx_MasterConfigSynchronization
 .text.HAL_UART_Init
                0x08003a8c       0xa0 ./Drivers/STM32F4xx_HAL_Driver/Src/stm32f4xx_hal_uart.o
                0x08003a8c                HAL_UART_Init
 .text.UART_SetConfig
                0x08003b2c      0x4e8 ./Drivers/STM32F4xx_HAL_Driver/Src/stm32f4xx_hal_uart.o
 .text.FSMC_NORSRAM_Init
                0x08004014       0xd4 ./Drivers/STM32F4xx_HAL_Driver/Src/stm32f4xx_ll_fsmc.o
                0x08004014                FSMC_NORSRAM_Init
 .text.FSMC_NORSRAM_Timing_Init
                0x080040e8       0x5c ./Drivers/STM32F4xx_HAL_Driver/Src/stm32f4xx_ll_fsmc.o
                0x080040e8                FSMC_NORSRAM_Timing_Init
 .text.FSMC_NORSRAM_Extended_Timing_Init
                0x08004144       0x70 ./Drivers/STM32F4xx_HAL_Driver/Src/stm32f4xx_ll_fsmc.o
                0x08004144                FSMC_NORSRAM_Extended_Timing_Init
 .text.std      0x080041b4       0x6c C:/ST/STM32CubeIDE_1.19.0/STM32CubeIDE/plugins/com.st.stm32cube.ide.mcu.externaltools.gnu-tools-for-stm32.13.3.rel1.win32_1.0.100.202509120712/tools/bin/../lib/gcc/arm-none-eabi/13.3.1/../../../../arm-none-eabi/lib/thumb/v7e-m+fp/hard\libc_nano.a(libc_a-findfp.o)
 .text.stdio_exit_handler
                0x08004220       0x18 C:/ST/STM32CubeIDE_1.19.0/STM32CubeIDE/plugins/com.st.stm32cube.ide.mcu.externaltools.gnu-tools-for-stm32.13.3.rel1.win32_1.0.100.202509120712/tools/bin/../lib/gcc/arm-none-eabi/13.3.1/../../../../arm-none-eabi/lib/thumb/v7e-m+fp/hard\libc_nano.a(libc_a-findfp.o)
 .text.cleanup_stdio
                0x08004238       0x40 C:/ST/STM32CubeIDE_1.19.0/STM32CubeIDE/plugins/com.st.stm32cube.ide.mcu.externaltools.gnu-tools-for-stm32.13.3.rel1.win32_1.0.100.202509120712/tools/bin/../lib/gcc/arm-none-eabi/13.3.1/../../../../arm-none-eabi/lib/thumb/v7e-m+fp/hard\libc_nano.a(libc_a-findfp.o)
 .text.global_stdio_init.part.0
                0x08004278       0x3c C:/ST/STM32CubeIDE_1.19.0/STM32CubeIDE/plugins/com.st.stm32cube.ide.mcu.externaltools.gnu-tools-for-stm32.13.3.rel1.win32_1.0.100.202509120712/tools/bin/../lib/gcc/arm-none-eabi/13.3.1/../../../../arm-none-eabi/lib/thumb/v7e-m+fp/hard\libc_nano.a(libc_a-findfp.o)
 .text.__sfp_lock_acquire
                0x080042b4        0xc C:/ST/STM32CubeIDE_1.19.0/STM32CubeIDE/plugins/com.st.stm32cube.ide.mcu.externaltools.gnu-tools-for-stm32.13.3.rel1.win32_1.0.100.202509120712/tools/bin/../lib/gcc/arm-none-eabi/13.3.1/../../../../arm-none-eabi/lib/thumb/v7e-m+fp/hard\libc_nano.a(libc_a-findfp.o)
                0x080042b4                __sfp_lock_acquire
 .text.__sfp_lock_release
                0x080042c0        0xc C:/ST/STM32CubeIDE_1.19.0/STM32CubeIDE/plugins/com.st.stm32cube.ide.mcu.externaltools.gnu-tools-for-stm32.13.3.rel1.win32_1.0.100.202509120712/tools/bin/../lib/gcc/arm-none-eabi/13.3.1/../../../../arm-none-eabi/lib/thumb/v7e-m+fp/hard\libc_nano.a(libc_a-findfp.o)
                0x080042c0                __sfp_lock_release
 .text.__sinit  0x080042cc       0x30 C:/ST/STM32CubeIDE_1.19.0/STM32CubeIDE/plugins/com.st.stm32cube.ide.mcu.externaltools.gnu-tools-for-stm32.13.3.rel1.win32_1.0.100.202509120712/tools/bin/../lib/gcc/arm-none-eabi/13.3.1/../../../../arm-none-eabi/lib/thumb/v7e-m+fp/hard\libc_nano.a(libc_a-findfp.o)
                0x080042cc                __sinit
 .text._fwalk_sglue
                0x080042fc       0x3c C:/ST/STM32CubeIDE_1.19.0/STM32CubeIDE/plugins/com.st.stm32cube.ide.mcu.externaltools.gnu-tools-for-stm32.13.3.rel1.win32_1.0.100.202509120712/tools/bin/../lib/gcc/arm-none-eabi/13.3.1/../../../../arm-none-eabi/lib/thumb/v7e-m+fp/hard\libc_nano.a(libc_a-fwalk.o)
                0x080042fc                _fwalk_sglue
 .text.printf   0x08004338       0x24 C:/ST/STM32CubeIDE_1.19.0/STM32CubeIDE/plugins/com.st.stm32cube.ide.mcu.externaltools.gnu-tools-for-stm32.13.3.rel1.win32_1.0.100.202509120712/tools/bin/../lib/gcc/arm-none-eabi/13.3.1/../../../../arm-none-eabi/lib/thumb/v7e-m+fp/hard\libc_nano.a(libc_a-printf.o)
                0x08004338                iprintf
                0x08004338                printf
 .text._puts_r  0x0800435c       0xaa C:/ST/STM32CubeIDE_1.19.0/STM32CubeIDE/plugins/com.st.stm32cube.ide.mcu.externaltools.gnu-tools-for-stm32.13.3.rel1.win32_1.0.100.202509120712/tools/bin/../lib/gcc/arm-none-eabi/13.3.1/../../../../arm-none-eabi/lib/thumb/v7e-m+fp/hard\libc_nano.a(libc_a-puts.o)
                0x0800435c                _puts_r
 *fill*         0x08004406        0x2 
 .text.puts     0x08004408       0x10 C:/ST/STM32CubeIDE_1.19.0/STM32CubeIDE/plugins/com.st.stm32cube.ide.mcu.externaltools.gnu-tools-for-stm32.13.3.rel1.win32_1.0.100.202509120712/tools/bin/../lib/gcc/arm-none-eabi/13.3.1/../../../../arm-none-eabi/lib/thumb/v7e-m+fp/hard\libc_nano.a(libc_a-puts.o)
                0x08004408                puts
 .text.snprintf
                0x08004418       0x6c C:/ST/STM32CubeIDE_1.19.0/STM32CubeIDE/plugins/com.st.stm32cube.ide.mcu.externaltools.gnu-tools-for-stm32.13.3.rel1.win32_1.0.100.202509120712/tools/bin/../lib/gcc/arm-none-eabi/13.3.1/../../../../arm-none-eabi/lib/thumb/v7e-m+fp/hard\libc_nano.a(libc_a-snprintf.o)
                0x08004418                sniprintf
                0x08004418                snprintf
 .text.__sread  0x08004484       0x22 C:/ST/STM32CubeIDE_1.19.0/STM32CubeIDE/plugins/com.st.stm32cube.ide.mcu.externaltools.gnu-tools-for-stm32.13.3.rel1.win32_1.0.100.202509120712/tools/bin/../lib/gcc/arm-none-eabi/13.3.1/../../../../arm-none-eabi/lib/thumb/v7e-m+fp/hard\libc_nano.a(libc_a-stdio.o)
                0x08004484                __sread
 .text.__swrite
                0x080044a6       0x38 C:/ST/STM32CubeIDE_1.19.0/STM32CubeIDE/plugins/com.st.stm32cube.ide.mcu.externaltools.gnu-tools-for-stm32.13.3.rel1.win32_1.0.100.202509120712/tools/bin/../lib/gcc/arm-none-eabi/13.3.1/../../../../arm-none-eabi/lib/thumb/v7e-m+fp/hard\libc_nano.a(libc_a-stdio.o)
                0x080044a6                __swrite
 .text.__sseek  0x080044de       0x24 C:/ST/STM32CubeIDE_1.19.0/STM32CubeIDE/plugins/com.st.stm32cube.ide.mcu.externaltools.gnu-tools-for-stm32.13.3.rel1.win32_1.0.100.202509120712/tools/bin/../lib/gcc/arm-none-eabi/13.3.1/../../../../arm-none-eabi/lib/thumb/v7e-m+fp/hard\libc_nano.a(libc_a-stdio.o)
                0x080044de                __sseek
 .text.__sclose
                0x08004502        0x8 C:/ST/STM32CubeIDE_1.19.0/STM32CubeIDE/plugins/com.st.stm32cube.ide.mcu.externaltools.gnu-tools-for-stm32.13.3.rel1.win32_1.0.100.202509120712/tools/bin/../lib/gcc/arm-none-eabi/13.3.1/../../../../arm-none-eabi/lib/thumb/v7e-m+fp/hard\libc_nano.a(libc_a-stdio.o)
                0x08004502                __sclose
 .text.__swbuf_r
                0x0800450a       0x7c C:/ST/STM32CubeIDE_1.19.0/STM32CubeIDE/plugins/com.st.stm32cube.ide.mcu.externaltools.gnu-tools-for-stm32.13.3.rel1.win32_1.0.100.202509120712/tools/bin/../lib/gcc/arm-none-eabi/13.3.1/../../../../arm-none-eabi/lib/thumb/v7e-m+fp/hard\libc_nano.a(libc_a-wbuf.o)
                0x0800450a                __swbuf_r
 *fill*         0x08004586        0x2 
 .text.__swsetup_r
                0x08004588       0xac C:/ST/STM32CubeIDE_1.19.0/STM32CubeIDE/plugins/com.st.stm32cube.ide.mcu.externaltools.gnu-tools-for-stm32.13.3.rel1.win32_1.0.100.202509120712/tools/bin/../lib/gcc/arm-none-eabi/13.3.1/../../../../arm-none-eabi/lib/thumb/v7e-m+fp/hard\libc_nano.a(libc_a-wsetup.o)
                0x08004588                __swsetup_r
 .text.memset   0x08004634       0x10 C:/ST/STM32CubeIDE_1.19.0/STM32CubeIDE/plugins/com.st.stm32cube.ide.mcu.externaltools.gnu-tools-for-stm32.13.3.rel1.win32_1.0.100.202509120712/tools/bin/../lib/gcc/arm-none-eabi/13.3.1/../../../../arm-none-eabi/lib/thumb/v7e-m+fp/hard\libc_nano.a(libc_a-memset.o)
                0x08004634                memset
 .text._close_r
                0x08004644       0x20 C:/ST/STM32CubeIDE_1.19.0/STM32CubeIDE/plugins/com.st.stm32cube.ide.mcu.externaltools.gnu-tools-for-stm32.13.3.rel1.win32_1.0.100.202509120712/tools/bin/../lib/gcc/arm-none-eabi/13.3.1/../../../../arm-none-eabi/lib/thumb/v7e-m+fp/hard\libc_nano.a(libc_a-closer.o)
                0x08004644                _close_r
 .text._lseek_r
                0x08004664       0x24 C:/ST/STM32CubeIDE_1.19.0/STM32CubeIDE/plugins/com.st.stm32cube.ide.mcu.externaltools.gnu-tools-for-stm32.13.3.rel1.win32_1.0.100.202509120712/tools/bin/../lib/gcc/arm-none-eabi/13.3.1/../../../../arm-none-eabi/lib/thumb/v7e-m+fp/hard\libc_nano.a(libc_a-lseekr.o)
                0x08004664                _lseek_r
 .text._read_r  0x08004688       0x24 C:/ST/STM32CubeIDE_1.19.0/STM32CubeIDE/plugins/com.st.stm32cube.ide.mcu.externaltools.gnu-tools-for-stm32.13.3.rel1.win32_1.0.100.202509120712/tools/bin/../lib/gcc/arm-none-eabi/13.3.1/../../../../arm-none-eabi/lib/thumb/v7e-m+fp/hard\libc_nano.a(libc_a-readr.o)
                0x08004688                _read_r
 .text._write_r
                0x080046ac       0x24 C:/ST/STM32CubeIDE_1.19.0/STM32CubeIDE/plugins/com.st.stm32cube.ide.mcu.externaltools.gnu-tools-for-stm32.13.3.rel1.win32_1.0.100.202509120712/tools/bin/../lib/gcc/arm-none-eabi/13.3.1/../../../../arm-none-eabi/lib/thumb/v7e-m+fp/hard\libc_nano.a(libc_a-writer.o)
                0x080046ac                _write_r
 .text.__errno  0x080046d0        0xc C:/ST/STM32CubeIDE_1.19.0/STM32CubeIDE/plugins/com.st.stm32cube.ide.mcu.externaltools.gnu-tools-for-stm32.13.3.rel1.win32_1.0.100.202509120712/tools/bin/../lib/gcc/arm-none-eabi/13.3.1/../../../../arm-none-eabi/lib/thumb/v7e-m+fp/hard\libc_nano.a(libc_a-errno.o)
                0x080046d0                __errno
 .text.__libc_init_array
                0x080046dc       0x48 C:/ST/STM32CubeIDE_1.19.0/STM32CubeIDE/plugins/com.st.stm32cube.ide.mcu.externaltools.gnu-tools-for-stm32.13.3.rel1.win32_1.0.100.202509120712/tools/bin/../lib/gcc/arm-none-eabi/13.3.1/../../../../arm-none-eabi/lib/thumb/v7e-m+fp/hard\libc_nano.a(libc_a-init.o)
                0x080046dc                __libc_init_array
 .text.__retarget_lock_init_recursive
                0x08004724        0x2 C:/ST/STM32CubeIDE_1.19.0/STM32CubeIDE/plugins/com.st.stm32cube.ide.mcu.externaltools.gnu-tools-for-stm32.13.3.rel1.win32_1.0.100.202509120712/tools/bin/../lib/gcc/arm-none-eabi/13.3.1/../../../../arm-none-eabi/lib/thumb/v7e-m+fp/hard\libc_nano.a(libc_a-lock.o)
                0x08004724                __retarget_lock_init_recursive
 .text.__retarget_lock_acquire_recursive
                0x08004726        0x2 C:/ST/STM32CubeIDE_1.19.0/STM32CubeIDE/plugins/com.st.stm32cube.ide.mcu.externaltools.gnu-tools-for-stm32.13.3.rel1.win32_1.0.100.202509120712/tools/bin/../lib/gcc/arm-none-eabi/13.3.1/../../../../arm-none-eabi/lib/thumb/v7e-m+fp/hard\libc_nano.a(libc_a-lock.o)
                0x08004726                __retarget_lock_acquire_recursive
 .text.__retarget_lock_release_recursive
                0x08004728        0x2 C:/ST/STM32CubeIDE_1.19.0/STM32CubeIDE/plugins/com.st.stm32cube.ide.mcu.externaltools.gnu-tools-for-stm32.13.3.rel1.win32_1.0.100.202509120712/tools/bin/../lib/gcc/arm-none-eabi/13.3.1/../../../../arm-none-eabi/lib/thumb/v7e-m+fp/hard\libc_nano.a(libc_a-lock.o)
                0x08004728                __retarget_lock_release_recursive
 *fill*         0x0800472a        0x2 
 .text._free_r  0x0800472c       0x94 C:/ST/STM32CubeIDE_1.19.0/STM32CubeIDE/plugins/com.st.stm32cube.ide.mcu.externaltools.gnu-tools-for-stm32.13.3.rel1.win32_1.0.100.202509120712/tools/bin/../lib/gcc/arm-none-eabi/13.3.1/../../../../arm-none-eabi/lib/thumb/v7e-m+fp/hard\libc_nano.a(libc_a-freer.o)
                0x0800472c                _free_r
 .text.sbrk_aligned
                0x080047c0       0x44 C:/ST/STM32CubeIDE_1.19.0/STM32CubeIDE/plugins/com.st.stm32cube.ide.mcu.externaltools.gnu-tools-for-stm32.13.3.rel1.win32_1.0.100.202509120712/tools/bin/../lib/gcc/arm-none-eabi/13.3.1/../../../../arm-none-eabi/lib/thumb/v7e-m+fp/hard\libc_nano.a(libc_a-mallocr.o)
 .text._malloc_r
                0x08004804      0x100 C:/ST/STM32CubeIDE_1.19.0/STM32CubeIDE/plugins/com.st.stm32cube.ide.mcu.externaltools.gnu-tools-for-stm32.13.3.rel1.win32_1.0.100.202509120712/tools/bin/../lib/gcc/arm-none-eabi/13.3.1/../../../../arm-none-eabi/lib/thumb/v7e-m+fp/hard\libc_nano.a(libc_a-mallocr.o)
                0x08004804                _malloc_r
 .text.__malloc_lock
                0x08004904        0xc C:/ST/STM32CubeIDE_1.19.0/STM32CubeIDE/plugins/com.st.stm32cube.ide.mcu.externaltools.gnu-tools-for-stm32.13.3.rel1.win32_1.0.100.202509120712/tools/bin/../lib/gcc/arm-none-eabi/13.3.1/../../../../arm-none-eabi/lib/thumb/v7e-m+fp/hard\libc_nano.a(libc_a-mlock.o)
                0x08004904                __malloc_lock
 .text.__malloc_unlock
                0x08004910        0xc C:/ST/STM32CubeIDE_1.19.0/STM32CubeIDE/plugins/com.st.stm32cube.ide.mcu.externaltools.gnu-tools-for-stm32.13.3.rel1.win32_1.0.100.202509120712/tools/bin/../lib/gcc/arm-none-eabi/13.3.1/../../../../arm-none-eabi/lib/thumb/v7e-m+fp/hard\libc_nano.a(libc_a-mlock.o)
                0x08004910                __malloc_unlock
 .text.__ssputs_r
                0x0800491c       0xb6 C:/ST/STM32CubeIDE_1.19.0/STM32CubeIDE/plugins/com.st.stm32cube.ide.mcu.externaltools.gnu-tools-for-stm32.13.3.rel1.win32_1.0.100.202509120712/tools/bin/../lib/gcc/arm-none-eabi/13.3.1/../../../../arm-none-eabi/lib/thumb/v7e-m+fp/hard\libc_nano.a(libc_a-nano-svfprintf.o)
                0x0800491c                __ssputs_r
 *fill*         0x080049d2        0x2 
 .text._svfprintf_r
                0x080049d4      0x1f8 C:/ST/STM32CubeIDE_1.19.0/STM32CubeIDE/plugins/com.st.stm32cube.ide.mcu.externaltools.gnu-tools-for-stm32.13.3.rel1.win32_1.0.100.202509120712/tools/bin/../lib/gcc/arm-none-eabi/13.3.1/../../../../arm-none-eabi/lib/thumb/v7e-m+fp/hard\libc_nano.a(libc_a-nano-svfprintf.o)
                0x080049d4                _svfiprintf_r
                0x080049d4                _svfprintf_r
 .text.__sfputc_r
                0x08004bcc       0x2e C:/ST/STM32CubeIDE_1.19.0/STM32CubeIDE/plugins/com.st.stm32cube.ide.mcu.externaltools.gnu-tools-for-stm32.13.3.rel1.win32_1.0.100.202509120712/tools/bin/../lib/gcc/arm-none-eabi/13.3.1/../../../../arm-none-eabi/lib/thumb/v7e-m+fp/hard\libc_nano.a(libc_a-nano-vfprintf.o)
 .text.__sfputs_r
                0x08004bfa       0x24 C:/ST/STM32CubeIDE_1.19.0/STM32CubeIDE/plugins/com.st.stm32cube.ide.mcu.externaltools.gnu-tools-for-stm32.13.3.rel1.win32_1.0.100.202509120712/tools/bin/../lib/gcc/arm-none-eabi/13.3.1/../../../../arm-none-eabi/lib/thumb/v7e-m+fp/hard\libc_nano.a(libc_a-nano-vfprintf.o)
                0x08004bfa                __sfputs_r
 *fill*         0x08004c1e        0x2 
 .text._vfprintf_r
                0x08004c20      0x230 C:/ST/STM32CubeIDE_1.19.0/STM32CubeIDE/plugins/com.st.stm32cube.ide.mcu.externaltools.gnu-tools-for-stm32.13.3.rel1.win32_1.0.100.202509120712/tools/bin/../lib/gcc/arm-none-eabi/13.3.1/../../../../arm-none-eabi/lib/thumb/v7e-m+fp/hard\libc_nano.a(libc_a-nano-vfprintf.o)
                0x08004c20                _vfprintf_r
                0x08004c20                _vfiprintf_r
 .text._printf_common
                0x08004e50       0xda C:/ST/STM32CubeIDE_1.19.0/STM32CubeIDE/plugins/com.st.stm32cube.ide.mcu.externaltools.gnu-tools-for-stm32.13.3.rel1.win32_1.0.100.202509120712/tools/bin/../lib/gcc/arm-none-eabi/13.3.1/../../../../arm-none-eabi/lib/thumb/v7e-m+fp/hard\libc_nano.a(libc_a-nano-vfprintf_i.o)
                0x08004e50                _printf_common
 *fill*         0x08004f2a        0x2 
 .text._printf_i
                0x08004f2c      0x23c C:/ST/STM32CubeIDE_1.19.0/STM32CubeIDE/plugins/com.st.stm32cube.ide.mcu.externaltools.gnu-tools-for-stm32.13.3.rel1.win32_1.0.100.202509120712/tools/bin/../lib/gcc/arm-none-eabi/13.3.1/../../../../arm-none-eabi/lib/thumb/v7e-m+fp/hard\libc_nano.a(libc_a-nano-vfprintf_i.o)
                0x08004f2c                _printf_i
 .text.__sflush_r
                0x08005168      0x108 C:/ST/STM32CubeIDE_1.19.0/STM32CubeIDE/plugins/com.st.stm32cube.ide.mcu.externaltools.gnu-tools-for-stm32.13.3.rel1.win32_1.0.100.202509120712/tools/bin/../lib/gcc/arm-none-eabi/13.3.1/../../../../arm-none-eabi/lib/thumb/v7e-m+fp/hard\libc_nano.a(libc_a-fflush.o)
                0x08005168                __sflush_r
 .text._fflush_r
                0x08005270       0x50 C:/ST/STM32CubeIDE_1.19.0/STM32CubeIDE/plugins/com.st.stm32cube.ide.mcu.externaltools.gnu-tools-for-stm32.13.3.rel1.win32_1.0.100.202509120712/tools/bin/../lib/gcc/arm-none-eabi/13.3.1/../../../../arm-none-eabi/lib/thumb/v7e-m+fp/hard\libc_nano.a(libc_a-fflush.o)
                0x08005270                _fflush_r
 .text.__swhatbuf_r
                0x080052c0       0x4c C:/ST/STM32CubeIDE_1.19.0/STM32CubeIDE/plugins/com.st.stm32cube.ide.mcu.externaltools.gnu-tools-for-stm32.13.3.rel1.win32_1.0.100.202509120712/tools/bin/../lib/gcc/arm-none-eabi/13.3.1/../../../../arm-none-eabi/lib/thumb/v7e-m+fp/hard\libc_nano.a(libc_a-makebuf.o)
                0x080052c0                __swhatbuf_r
 .text.__smakebuf_r
                0x0800530c       0x78 C:/ST/STM32CubeIDE_1.19.0/STM32CubeIDE/plugins/com.st.stm32cube.ide.mcu.externaltools.gnu-tools-for-stm32.13.3.rel1.win32_1.0.100.202509120712/tools/bin/../lib/gcc/arm-none-eabi/13.3.1/../../../../arm-none-eabi/lib/thumb/v7e-m+fp/hard\libc_nano.a(libc_a-makebuf.o)
                0x0800530c                __smakebuf_r
 .text.memmove  0x08005384       0x34 C:/ST/STM32CubeIDE_1.19.0/STM32CubeIDE/plugins/com.st.stm32cube.ide.mcu.externaltools.gnu-tools-for-stm32.13.3.rel1.win32_1.0.100.202509120712/tools/bin/../lib/gcc/arm-none-eabi/13.3.1/../../../../arm-none-eabi/lib/thumb/v7e-m+fp/hard\libc_nano.a(libc_a-memmove.o)
                0x08005384                memmove
 .text._fstat_r
                0x080053b8       0x24 C:/ST/STM32CubeIDE_1.19.0/STM32CubeIDE/plugins/com.st.stm32cube.ide.mcu.externaltools.gnu-tools-for-stm32.13.3.rel1.win32_1.0.100.202509120712/tools/bin/../lib/gcc/arm-none-eabi/13.3.1/../../../../arm-none-eabi/lib/thumb/v7e-m+fp/hard\libc_nano.a(libc_a-fstatr.o)
                0x080053b8                _fstat_r
 .text._isatty_r
                0x080053dc       0x20 C:/ST/STM32CubeIDE_1.19.0/STM32CubeIDE/plugins/com.st.stm32cube.ide.mcu.externaltools.gnu-tools-for-stm32.13.3.rel1.win32_1.0.100.202509120712/tools/bin/../lib/gcc/arm-none-eabi/13.3.1/../../../../arm-none-eabi/lib/thumb/v7e-m+fp/hard\libc_nano.a(libc_a-isattyr.o)
                0x080053dc                _isatty_r
 .text._sbrk_r  0x080053fc       0x20 C:/ST/STM32CubeIDE_1.19.0/STM32CubeIDE/plugins/com.st.stm32cube.ide.mcu.externaltools.gnu-tools-for-stm32.13.3.rel1.win32_1.0.100.202509120712/tools/bin/../lib/gcc/arm-none-eabi/13.3.1/../../../../arm-none-eabi/lib/thumb/v7e-m+fp/hard\libc_nano.a(libc_a-sbrkr.o)
                0x080053fc                _sbrk_r
 .text.memcpy   0x0800541c       0x1c C:/ST/STM32CubeIDE_1.19.0/STM32CubeIDE/plugins/com.st.stm32cube.ide.mcu.externaltools.gnu-tools-for-stm32.13.3.rel1.win32_1.0.100.202509120712/tools/bin/../lib/gcc/arm-none-eabi/13.3.1/../../../../arm-none-eabi/lib/thumb/v7e-m+fp/hard\libc_nano.a(libc_a-memcpy-stub.o)
                0x0800541c                memcpy
 .text._realloc_r
                0x08005438       0x5c C:/ST/STM32CubeIDE_1.19.0/STM32CubeIDE/plugins/com.st.stm32cube.ide.mcu.externaltools.gnu-tools-for-stm32.13.3.rel1.win32_1.0.100.202509120712/tools/bin/../lib/gcc/arm-none-eabi/13.3.1/../../../../arm-none-eabi/lib/thumb/v7e-m+fp/hard\libc_nano.a(libc_a-reallocr.o)
                0x08005438                _realloc_r
 .text._malloc_usable_size_r
                0x08005494       0x10 C:/ST/STM32CubeIDE_1.19.0/STM32CubeIDE/plugins/com.st.stm32cube.ide.mcu.externaltools.gnu-tools-for-stm32.13.3.rel1.win32_1.0.100.202509120712/tools/bin/../lib/gcc/arm-none-eabi/13.3.1/../../../../arm-none-eabi/lib/thumb/v7e-m+fp/hard\libc_nano.a(libc_a-msizer.o)
                0x08005494                _malloc_usable_size_r
 *(.glue_7)
 .glue_7        0x080054a4        0x0 linker stubs
 *(.glue_7t)
 .glue_7t       0x080054a4        0x0 linker stubs
 *(.eh_frame)
 .eh_frame      0x080054a4        0x0 C:/ST/STM32CubeIDE_1.19.0/STM32CubeIDE/plugins/com.st.stm32cube.ide.mcu.externaltools.gnu-tools-for-stm32.13.3.rel1.win32_1.0.100.202509120712/tools/bin/../lib/gcc/arm-none-eabi/13.3.1/thumb/v7e-m+fp/hard/crtbegin.o
 *(.init)
 .init          0x080054a4        0x4 C:/ST/STM32CubeIDE_1.19.0/STM32CubeIDE/plugins/com.st.stm32cube.ide.mcu.externaltools.gnu-tools-for-stm32.13.3.rel1.win32_1.0.100.202509120712/tools/bin/../lib/gcc/arm-none-eabi/13.3.1/thumb/v7e-m+fp/hard/crti.o
                0x080054a4                _init
 .init          0x080054a8        0x8 C:/ST/STM32CubeIDE_1.19.0/STM32CubeIDE/plugins/com.st.stm32cube.ide.mcu.externaltools.gnu-tools-for-stm32.13.3.rel1.win32_1.0.100.202509120712/tools/bin/../lib/gcc/arm-none-eabi/13.3.1/thumb/v7e-m+fp/hard/crtn.o
 *(.fini)
 .fini          0x080054b0        0x4 C:/ST/STM32CubeIDE_1.19.0/STM32CubeIDE/plugins/com.st.stm32cube.ide.mcu.externaltools.gnu-tools-for-stm32.13.3.rel1.win32_1.0.100.202509120712/tools/bin/../lib/gcc/arm-none-eabi/13.3.1/thumb/v7e-m+fp/hard/crti.o
                0x080054b0                _fini
 .fini          0x080054b4        0x8 C:/ST/STM32CubeIDE_1.19.0/STM32CubeIDE/plugins/com.st.stm32cube.ide.mcu.externaltools.gnu-tools-for-stm32.13.3.rel1.win32_1.0.100.202509120712/tools/bin/../lib/gcc/arm-none-eabi/13.3.1/thumb/v7e-m+fp/hard/crtn.o
                0x080054bc                        . = ALIGN (0x4)
                0x080054bc                        _etext = .

.vfp11_veneer   0x080054bc        0x0
 .vfp11_veneer  0x080054bc        0x0 linker stubs

.v4_bx          0x080054bc        0x0
 .v4_bx         0x080054bc        0x0 linker stubs

.iplt           0x080054bc        0x0
 .iplt          0x080054bc        0x0 C:/ST/STM32CubeIDE_1.19.0/STM32CubeIDE/plugins/com.st.stm32cube.ide.mcu.externaltools.gnu-tools-for-stm32.13.3.rel1.win32_1.0.100.202509120712/tools/bin/../lib/gcc/arm-none-eabi/13.3.1/thumb/v7e-m+fp/hard/crtbegin.o

.rodata         0x080054bc     0x1964
                0x080054bc                        . = ALIGN (0x4)
 *(.rodata)
 .rodata        0x080054bc       0xb6 ./Core/Src/main.o
 *fill*         0x08005572        0x2 
 .rodata        0x08005574       0x17 ./Core/Src/stm32f4xx_it.o
 *fill*         0x0800558b        0x1 
 .rodata        0x0800558c        0x5 ./Core/lcd_utilities/lcd_util.o
 *fill*         0x08005591        0x3 
 .rodata        0x08005594        0x8 ./Core/usb_dev_scr/usb_dev.o
 *(.rodata*)
 .rodata.ASCII16x24_Table
                0x0800559c     0x11d0 ./Core/Common/fonts.o
                0x0800559c                ASCII16x24_Table
 .rodata.ASCII8x8_Table
                0x0800676c      0x600 ./Core/Common/fonts.o
                0x0800676c                ASCII8x8_Table
 .rodata.AHBPrescTable
                0x08006d6c       0x10 ./Core/Src/system_stm32f4xx.o
                0x08006d6c                AHBPrescTable
 .rodata.APBPrescTable
                0x08006d7c        0x8 ./Core/Src/system_stm32f4xx.o
                0x08006d7c                APBPrescTable
 .rodata.hid_report_desc
                0x08006d84       0x42 ./Core/usb_dev_scr/usb_dev.o
                0x08006d84                hid_report_desc
 *fill*         0x08006dc6        0x2 
 .rodata.hid_config_set
                0x08006dc8       0x22 ./Core/usb_dev_scr/usb_dev.o
                0x08006dc8                hid_config_set
 .rodata._svfprintf_r.str1.1
                0x08006dea       0x33 C:/ST/STM32CubeIDE_1.19.0/STM32CubeIDE/plugins/com.st.stm32cube.ide.mcu.externaltools.gnu-tools-for-stm32.13.3.rel1.win32_1.0.100.202509120712/tools/bin/../lib/gcc/arm-none-eabi/13.3.1/../../../../arm-none-eabi/lib/thumb/v7e-m+fp/hard\libc_nano.a(libc_a-nano-svfprintf.o)
                                 0x11 (size before relaxing)
 .rodata._vfprintf_r.str1.1
                0x08006e1d        0x0 C:/ST/STM32CubeIDE_1.19.0/STM32CubeIDE/plugins/com.st.stm32cube.ide.mcu.externaltools.gnu-tools-for-stm32.13.3.rel1.win32_1.0.100.202509120712/tools/bin/../lib/gcc/arm-none-eabi/13.3.1/../../../../arm-none-eabi/lib/thumb/v7e-m+fp/hard\libc_nano.a(libc_a-nano-vfprintf.o)
                                 0x11 (size before relaxing)
 .rodata._printf_i.str1.1
                0x08006e1d        0x0 C:/ST/STM32CubeIDE_1.19.0/STM32CubeIDE/plugins/com.st.stm32cube.ide.mcu.externaltools.gnu-tools-for-stm32.13.3.rel1.win32_1.0.100.202509120712/tools/bin/../lib/gcc/arm-none-eabi/13.3.1/../../../../arm-none-eabi/lib/thumb/v7e-m+fp/hard\libc_nano.a(libc_a-nano-vfprintf_i.o)
                                 0x22 (size before relaxing)
                0x08006e20                        . = ALIGN (0x4)
 *fill*         0x08006e1d        0x3 

.ARM.extab      0x08006e20        0x0
                0x08006e20                        . = ALIGN (0x4)
 *(.ARM.extab* .gnu.linkonce.armextab.*)
                0x08006e20                        . = ALIGN (0x4)

.ARM            0x08006e20        0x8
                0x08006e20                        . = ALIGN (0x4)
                0x08006e20                        __exidx_start = .
 *(.ARM.exidx*)
 .ARM.exidx     0x08006e20        0x8 C:/ST/STM32CubeIDE_1.19.0/STM32CubeIDE/plugins/com.st.stm32cube.ide.mcu.externaltools.gnu-tools-for-stm32.13.3.rel1.win32_1.0.100.202509120712/tools/bin/../lib/gcc/arm-none-eabi/13.3.1/../../../../arm-none-eabi/lib/thumb/v7e-m+fp/hard\libc_nano.a(libc_a-memchr.o)
 .ARM.exidx     0x08006e28        0x0 C:/ST/STM32CubeIDE_1.19.0/STM32CubeIDE/plugins/com.st.stm32cube.ide.mcu.externaltools.gnu-tools-for-stm32.13.3.rel1.win32_1.0.100.202509120712/tools/bin/../lib/gcc/arm-none-eabi/13.3.1/thumb/v7e-m+fp/hard\libgcc.a(_udivmoddi4.o)
                                  0x8 (size before relaxing)
                0x08006e28                        __exidx_end = .
                0x08006e28                        . = ALIGN (0x4)

.preinit_array  0x08006e28        0x0
                0x08006e28                        . = ALIGN (0x4)
                0x08006e28                        PROVIDE (__preinit_array_start = .)
 *(.preinit_array*)
                0x08006e28                        PROVIDE (__preinit_array_end = .)
                0x08006e28                        . = ALIGN (0x4)

.init_array     0x08006e28        0x4
                0x08006e28                        . = ALIGN (0x4)
                0x08006e28                        PROVIDE (__init_array_start = .)
 *(SORT_BY_NAME(.init_array.*))
 *(.init_array*)
 .init_array    0x08006e28        0x4 C:/ST/STM32CubeIDE_1.19.0/STM32CubeIDE/plugins/com.st.stm32cube.ide.mcu.externaltools.gnu-tools-for-stm32.13.3.rel1.win32_1.0.100.202509120712/tools/bin/../lib/gcc/arm-none-eabi/13.3.1/thumb/v7e-m+fp/hard/crtbegin.o
                0x08006e2c                        PROVIDE (__init_array_end = .)
                0x08006e2c                        . = ALIGN (0x4)

.fini_array     0x08006e2c        0x4
                0x08006e2c                        . = ALIGN (0x4)
                [!provide]                        PROVIDE (__fini_array_start = .)
 *(SORT_BY_NAME(.fini_array.*))
 *(.fini_array*)
 .fini_array    0x08006e2c        0x4 C:/ST/STM32CubeIDE_1.19.0/STM32CubeIDE/plugins/com.st.stm32cube.ide.mcu.externaltools.gnu-tools-for-stm32.13.3.rel1.win32_1.0.100.202509120712/tools/bin/../lib/gcc/arm-none-eabi/13.3.1/thumb/v7e-m+fp/hard/crtbegin.o
                [!provide]                        PROVIDE (__fini_array_end = .)
                0x08006e30                        . = ALIGN (0x4)
                0x08006e30                        _sidata = LOADADDR (.data)

.rel.dyn        0x08006e30        0x0
 .rel.iplt      0x08006e30        0x0 C:/ST/STM32CubeIDE_1.19.0/STM32CubeIDE/plugins/com.st.stm32cube.ide.mcu.externaltools.gnu-tools-for-stm32.13.3.rel1.win32_1.0.100.202509120712/tools/bin/../lib/gcc/arm-none-eabi/13.3.1/thumb/v7e-m+fp/hard/crtbegin.o

.data           0x20000000       0x90 load address 0x08006e30
                0x20000000                        . = ALIGN (0x4)
                0x20000000                        _sdata = .
 *(.data)
 *(.data*)
 .data.Font16x24
                0x20000000        0x8 ./Core/Common/fonts.o
                0x20000000                Font16x24
 .data.Font8x8  0x20000008        0x8 ./Core/Common/fonts.o
                0x20000008                Font8x8
 .data.TextColor
                0x20000010        0x2 ./Core/Src/lcd.o
                0x20000010                TextColor
 .data.cmd_proc
                0x20000012        0x1 ./Core/Src/main.o
                0x20000012                cmd_proc
 *fill*         0x20000013        0x1 
 .data.SystemCoreClock
                0x20000014        0x4 ./Core/Src/system_stm32f4xx.o
                0x20000014                SystemCoreClock
 .data.device_descriptor
                0x20000018       0x12 ./Core/usb_dev_scr/usb_dev.o
                0x20000018                device_descriptor
 *fill*         0x2000002a        0x2 
 .data.uwTickPrio
                0x2000002c        0x4 ./Drivers/STM32F4xx_HAL_Driver/Src/stm32f4xx_hal.o
                0x2000002c                uwTickPrio
 .data.uwTickFreq
                0x20000030        0x1 ./Drivers/STM32F4xx_HAL_Driver/Src/stm32f4xx_hal.o
                0x20000030                uwTickFreq
 *fill*         0x20000031        0x3 
 .data.__sglue  0x20000034        0xc C:/ST/STM32CubeIDE_1.19.0/STM32CubeIDE/plugins/com.st.stm32cube.ide.mcu.externaltools.gnu-tools-for-stm32.13.3.rel1.win32_1.0.100.202509120712/tools/bin/../lib/gcc/arm-none-eabi/13.3.1/../../../../arm-none-eabi/lib/thumb/v7e-m+fp/hard\libc_nano.a(libc_a-findfp.o)
                0x20000034                __sglue
 .data._impure_ptr
                0x20000040        0x4 C:/ST/STM32CubeIDE_1.19.0/STM32CubeIDE/plugins/com.st.stm32cube.ide.mcu.externaltools.gnu-tools-for-stm32.13.3.rel1.win32_1.0.100.202509120712/tools/bin/../lib/gcc/arm-none-eabi/13.3.1/../../../../arm-none-eabi/lib/thumb/v7e-m+fp/hard\libc_nano.a(libc_a-impure.o)
                0x20000040                _impure_ptr
 .data._impure_data
                0x20000044       0x4c C:/ST/STM32CubeIDE_1.19.0/STM32CubeIDE/plugins/com.st.stm32cube.ide.mcu.externaltools.gnu-tools-for-stm32.13.3.rel1.win32_1.0.100.202509120712/tools/bin/../lib/gcc/arm-none-eabi/13.3.1/../../../../arm-none-eabi/lib/thumb/v7e-m+fp/hard\libc_nano.a(libc_a-impure.o)
                0x20000044                _impure_data
 *(.RamFunc)
 *(.RamFunc*)
                0x20000090                        . = ALIGN (0x4)
                0x20000090                        _edata = .
                0x08006ec0                        _siccmram = LOADADDR (.ccmram)

.igot.plt       0x20000090        0x0 load address 0x08006ec0
 .igot.plt      0x20000090        0x0 C:/ST/STM32CubeIDE_1.19.0/STM32CubeIDE/plugins/com.st.stm32cube.ide.mcu.externaltools.gnu-tools-for-stm32.13.3.rel1.win32_1.0.100.202509120712/tools/bin/../lib/gcc/arm-none-eabi/13.3.1/thumb/v7e-m+fp/hard/crtbegin.o

.ccmram         0x10000000        0x0 load address 0x08006ec0
                0x10000000                        . = ALIGN (0x4)
                0x10000000                        _sccmram = .
 *(.ccmram)
 *(.ccmram*)
                0x10000000                        . = ALIGN (0x4)
                0x10000000                        _eccmram = .
                0x10000000                        . = ALIGN (0x4)

.bss            0x20000090      0x36c
                0x20000090                        _sbss = .
                0x20000090                        __bss_start__ = _sbss
 *(.bss)
 .bss           0x20000090       0x1c C:/ST/STM32CubeIDE_1.19.0/STM32CubeIDE/plugins/com.st.stm32cube.ide.mcu.externaltools.gnu-tools-for-stm32.13.3.rel1.win32_1.0.100.202509120712/tools/bin/../lib/gcc/arm-none-eabi/13.3.1/thumb/v7e-m+fp/hard/crtbegin.o
 *(.bss*)
 .bss.hsram1    0x200000ac       0x50 ./Core/Src/fsmc.o
                0x200000ac                hsram1
 .bss.FSMC_Initialized
                0x200000fc        0x4 ./Core/Src/fsmc.o
 .bss.LCD_Currentfonts
                0x20000100        0x4 ./Core/Src/lcd.o
 .bss.BackColor
                0x20000104        0x2 ./Core/Src/lcd.o
                0x20000104                BackColor
 *fill*         0x20000106        0x2 
 .bss.last_falling_edge_time
                0x20000108        0x4 ./Core/Src/main.o
 .bss.bit_index
                0x2000010c        0x1 ./Core/Src/main.o
 *fill*         0x2000010d        0x3 
 .bss.ir_data   0x20000110        0x4 ./Core/Src/main.o
 .bss.receiving
                0x20000114        0x1 ./Core/Src/main.o
 .bss.last_cmd  0x20000115        0x1 ./Core/Src/main.o
                0x20000115                last_cmd
 *fill*         0x20000116        0x2 
 .bss.__sbrk_heap_end
                0x20000118        0x4 ./Core/Src/sysmem.o
 .bss.htim2     0x2000011c       0x48 ./Core/Src/tim.o
                0x2000011c                htim2
 .bss.huart2    0x20000164       0x48 ./Core/Src/usart.o
                0x20000164                huart2
 .bss.enum_speed
                0x200001ac        0x4 ./Core/usb_dev_scr/usb_dev.o
                0x200001ac                enum_speed
 .bss.setup_data_buffer
                0x200001b0       0x28 ./Core/usb_dev_scr/usb_dev.o
                0x200001b0                setup_data_buffer
 .bss.usb_is_configured
                0x200001d8        0x1 ./Core/usb_dev_scr/usb_dev.o
                0x200001d8                usb_is_configured
 *fill*         0x200001d9        0x3 
 .bss.test_data_buffer
                0x200001dc       0xc8 ./Core/usb_dev_scr/usb_dev.o
                0x200001dc                test_data_buffer
 .bss.tb_ind    0x200002a4        0x4 ./Core/usb_dev_scr/usb_dev.o
                0x200002a4                tb_ind
 .bss.loop_testing
                0x200002a8        0x4 ./Core/usb_dev_scr/usb_dev.o
                0x200002a8                loop_testing
 .bss.uwTick    0x200002ac        0x4 ./Drivers/STM32F4xx_HAL_Driver/Src/stm32f4xx_hal.o
                0x200002ac                uwTick
 .bss.__sf      0x200002b0      0x138 C:/ST/STM32CubeIDE_1.19.0/STM32CubeIDE/plugins/com.st.stm32cube.ide.mcu.externaltools.gnu-tools-for-stm32.13.3.rel1.win32_1.0.100.202509120712/tools/bin/../lib/gcc/arm-none-eabi/13.3.1/../../../../arm-none-eabi/lib/thumb/v7e-m+fp/hard\libc_nano.a(libc_a-findfp.o)
                0x200002b0                __sf
 .bss.__stdio_exit_handler
                0x200003e8        0x4 C:/ST/STM32CubeIDE_1.19.0/STM32CubeIDE/plugins/com.st.stm32cube.ide.mcu.externaltools.gnu-tools-for-stm32.13.3.rel1.win32_1.0.100.202509120712/tools/bin/../lib/gcc/arm-none-eabi/13.3.1/../../../../arm-none-eabi/lib/thumb/v7e-m+fp/hard\libc_nano.a(libc_a-findfp.o)
                0x200003e8                __stdio_exit_handler
 .bss.errno     0x200003ec        0x4 C:/ST/STM32CubeIDE_1.19.0/STM32CubeIDE/plugins/com.st.stm32cube.ide.mcu.externaltools.gnu-tools-for-stm32.13.3.rel1.win32_1.0.100.202509120712/tools/bin/../lib/gcc/arm-none-eabi/13.3.1/../../../../arm-none-eabi/lib/thumb/v7e-m+fp/hard\libc_nano.a(libc_a-reent.o)
                0x200003ec                errno
 .bss.__lock___malloc_recursive_mutex
                0x200003f0        0x1 C:/ST/STM32CubeIDE_1.19.0/STM32CubeIDE/plugins/com.st.stm32cube.ide.mcu.externaltools.gnu-tools-for-stm32.13.3.rel1.win32_1.0.100.202509120712/tools/bin/../lib/gcc/arm-none-eabi/13.3.1/../../../../arm-none-eabi/lib/thumb/v7e-m+fp/hard\libc_nano.a(libc_a-lock.o)
                0x200003f0                __lock___malloc_recursive_mutex
 .bss.__lock___sfp_recursive_mutex
                0x200003f1        0x1 C:/ST/STM32CubeIDE_1.19.0/STM32CubeIDE/plugins/com.st.stm32cube.ide.mcu.externaltools.gnu-tools-for-stm32.13.3.rel1.win32_1.0.100.202509120712/tools/bin/../lib/gcc/arm-none-eabi/13.3.1/../../../../arm-none-eabi/lib/thumb/v7e-m+fp/hard\libc_nano.a(libc_a-lock.o)
                0x200003f1                __lock___sfp_recursive_mutex
 *fill*         0x200003f2        0x2 
 .bss.__malloc_sbrk_start
                0x200003f4        0x4 C:/ST/STM32CubeIDE_1.19.0/STM32CubeIDE/plugins/com.st.stm32cube.ide.mcu.externaltools.gnu-tools-for-stm32.13.3.rel1.win32_1.0.100.202509120712/tools/bin/../lib/gcc/arm-none-eabi/13.3.1/../../../../arm-none-eabi/lib/thumb/v7e-m+fp/hard\libc_nano.a(libc_a-mallocr.o)
                0x200003f4                __malloc_sbrk_start
 .bss.__malloc_free_list
                0x200003f8        0x4 C:/ST/STM32CubeIDE_1.19.0/STM32CubeIDE/plugins/com.st.stm32cube.ide.mcu.externaltools.gnu-tools-for-stm32.13.3.rel1.win32_1.0.100.202509120712/tools/bin/../lib/gcc/arm-none-eabi/13.3.1/../../../../arm-none-eabi/lib/thumb/v7e-m+fp/hard\libc_nano.a(libc_a-mallocr.o)
                0x200003f8                __malloc_free_list
 *(COMMON)
                0x200003fc                        . = ALIGN (0x4)
                0x200003fc                        _ebss = .
                0x200003fc                        __bss_end__ = _ebss

._user_heap_stack
                0x200003fc      0x604
                0x20000400                        . = ALIGN (0x8)
 *fill*         0x200003fc        0x4 
                [!provide]                        PROVIDE (end = .)
                0x20000400                        PROVIDE (_end = .)
                0x20000600                        . = (. + _Min_Heap_Size)
 *fill*         0x20000400      0x200 
                0x20000a00                        . = (. + _Min_Stack_Size)
 *fill*         0x20000600      0x400 
                0x20000a00                        . = ALIGN (0x8)

/DISCARD/
 libc.a(*)
 libm.a(*)
 libgcc.a(*)

.ARM.attributes
                0x00000000       0x30
 *(.ARM.attributes)
 .ARM.attributes
                0x00000000       0x22 C:/ST/STM32CubeIDE_1.19.0/STM32CubeIDE/plugins/com.st.stm32cube.ide.mcu.externaltools.gnu-tools-for-stm32.13.3.rel1.win32_1.0.100.202509120712/tools/bin/../lib/gcc/arm-none-eabi/13.3.1/thumb/v7e-m+fp/hard/crti.o
 .ARM.attributes
                0x00000022       0x34 C:/ST/STM32CubeIDE_1.19.0/STM32CubeIDE/plugins/com.st.stm32cube.ide.mcu.externaltools.gnu-tools-for-stm32.13.3.rel1.win32_1.0.100.202509120712/tools/bin/../lib/gcc/arm-none-eabi/13.3.1/thumb/v7e-m+fp/hard/crtbegin.o
 .ARM.attributes
                0x00000056       0x34 ./Core/Common/fonts.o
 .ARM.attributes
                0x0000008a       0x34 ./Core/Src/fsmc.o
 .ARM.attributes
                0x000000be       0x34 ./Core/Src/gpio.o
 .ARM.attributes
                0x000000f2       0x34 ./Core/Src/lcd.o
 .ARM.attributes
                0x00000126       0x34 ./Core/Src/main.o
 .ARM.attributes
                0x0000015a       0x34 ./Core/Src/stm32f4xx_hal_msp.o
 .ARM.attributes
                0x0000018e       0x34 ./Core/Src/stm32f4xx_it.o
 .ARM.attributes
                0x000001c2       0x34 ./Core/Src/syscalls.o
 .ARM.attributes
                0x000001f6       0x34 ./Core/Src/sysmem.o
 .ARM.attributes
                0x0000022a       0x34 ./Core/Src/system_stm32f4xx.o
 .ARM.attributes
                0x0000025e       0x34 ./Core/Src/tim.o
 .ARM.attributes
                0x00000292       0x34 ./Core/Src/usart.o
 .ARM.attributes
                0x000002c6       0x21 ./Core/Startup/startup_stm32f407ighx.o
 .ARM.attributes
                0x000002e7       0x34 ./Core/lcd_utilities/lcd_util.o
 .ARM.attributes
                0x0000031b       0x34 ./Core/usb_dev_scr/usb_dev.o
 .ARM.attributes
                0x0000034f       0x34 ./Drivers/STM32F4xx_HAL_Driver/Src/stm32f4xx_hal.o
 .ARM.attributes
                0x00000383       0x34 ./Drivers/STM32F4xx_HAL_Driver/Src/stm32f4xx_hal_cortex.o
 .ARM.attributes
                0x000003b7       0x34 ./Drivers/STM32F4xx_HAL_Driver/Src/stm32f4xx_hal_gpio.o
 .ARM.attributes
                0x000003eb       0x34 ./Drivers/STM32F4xx_HAL_Driver/Src/stm32f4xx_hal_rcc.o
 .ARM.attributes
                0x0000041f       0x34 ./Drivers/STM32F4xx_HAL_Driver/Src/stm32f4xx_hal_sram.o
 .ARM.attributes
                0x00000453       0x34 ./Drivers/STM32F4xx_HAL_Driver/Src/stm32f4xx_hal_tim.o
 .ARM.attributes
                0x00000487       0x34 ./Drivers/STM32F4xx_HAL_Driver/Src/stm32f4xx_hal_tim_ex.o
 .ARM.attributes
                0x000004bb       0x34 ./Drivers/STM32F4xx_HAL_Driver/Src/stm32f4xx_hal_uart.o
 .ARM.attributes
                0x000004ef       0x34 ./Drivers/STM32F4xx_HAL_Driver/Src/stm32f4xx_ll_fsmc.o
 .ARM.attributes
                0x00000523       0x34 C:/ST/STM32CubeIDE_1.19.0/STM32CubeIDE/plugins/com.st.stm32cube.ide.mcu.externaltools.gnu-tools-for-stm32.13.3.rel1.win32_1.0.100.202509120712/tools/bin/../lib/gcc/arm-none-eabi/13.3.1/../../../../arm-none-eabi/lib/thumb/v7e-m+fp/hard\libc_nano.a(libc_a-findfp.o)
 .ARM.attributes
                0x00000557       0x34 C:/ST/STM32CubeIDE_1.19.0/STM32CubeIDE/plugins/com.st.stm32cube.ide.mcu.externaltools.gnu-tools-for-stm32.13.3.rel1.win32_1.0.100.202509120712/tools/bin/../lib/gcc/arm-none-eabi/13.3.1/../../../../arm-none-eabi/lib/thumb/v7e-m+fp/hard\libc_nano.a(libc_a-fwalk.o)
 .ARM.attributes
                0x0000058b       0x34 C:/ST/STM32CubeIDE_1.19.0/STM32CubeIDE/plugins/com.st.stm32cube.ide.mcu.externaltools.gnu-tools-for-stm32.13.3.rel1.win32_1.0.100.202509120712/tools/bin/../lib/gcc/arm-none-eabi/13.3.1/../../../../arm-none-eabi/lib/thumb/v7e-m+fp/hard\libc_nano.a(libc_a-printf.o)
 .ARM.attributes
                0x000005bf       0x34 C:/ST/STM32CubeIDE_1.19.0/STM32CubeIDE/plugins/com.st.stm32cube.ide.mcu.externaltools.gnu-tools-for-stm32.13.3.rel1.win32_1.0.100.202509120712/tools/bin/../lib/gcc/arm-none-eabi/13.3.1/../../../../arm-none-eabi/lib/thumb/v7e-m+fp/hard\libc_nano.a(libc_a-puts.o)
 .ARM.attributes
                0x000005f3       0x34 C:/ST/STM32CubeIDE_1.19.0/STM32CubeIDE/plugins/com.st.stm32cube.ide.mcu.externaltools.gnu-tools-for-stm32.13.3.rel1.win32_1.0.100.202509120712/tools/bin/../lib/gcc/arm-none-eabi/13.3.1/../../../../arm-none-eabi/lib/thumb/v7e-m+fp/hard\libc_nano.a(libc_a-snprintf.o)
 .ARM.attributes
                0x00000627       0x34 C:/ST/STM32CubeIDE_1.19.0/STM32CubeIDE/plugins/com.st.stm32cube.ide.mcu.externaltools.gnu-tools-for-stm32.13.3.rel1.win32_1.0.100.202509120712/tools/bin/../lib/gcc/arm-none-eabi/13.3.1/../../../../arm-none-eabi/lib/thumb/v7e-m+fp/hard\libc_nano.a(libc_a-stdio.o)
 .ARM.attributes
                0x0000065b       0x34 C:/ST/STM32CubeIDE_1.19.0/STM32CubeIDE/plugins/com.st.stm32cube.ide.mcu.externaltools.gnu-tools-for-stm32.13.3.rel1.win32_1.0.100.202509120712/tools/bin/../lib/gcc/arm-none-eabi/13.3.1/../../../../arm-none-eabi/lib/thumb/v7e-m+fp/hard\libc_nano.a(libc_a-wbuf.o)
 .ARM.attributes
                0x0000068f       0x34 C:/ST/STM32CubeIDE_1.19.0/STM32CubeIDE/plugins/com.st.stm32cube.ide.mcu.externaltools.gnu-tools-for-stm32.13.3.rel1.win32_1.0.100.202509120712/tools/bin/../lib/gcc/arm-none-eabi/13.3.1/../../../../arm-none-eabi/lib/thumb/v7e-m+fp/hard\libc_nano.a(libc_a-wsetup.o)
 .ARM.attributes
                0x000006c3       0x34 C:/ST/STM32CubeIDE_1.19.0/STM32CubeIDE/plugins/com.st.stm32cube.ide.mcu.externaltools.gnu-tools-for-stm32.13.3.rel1.win32_1.0.100.202509120712/tools/bin/../lib/gcc/arm-none-eabi/13.3.1/../../../../arm-none-eabi/lib/thumb/v7e-m+fp/hard\libc_nano.a(libc_a-memset.o)
 .ARM.attributes
                0x000006f7       0x34 C:/ST/STM32CubeIDE_1.19.0/STM32CubeIDE/plugins/com.st.stm32cube.ide.mcu.externaltools.gnu-tools-for-stm32.13.3.rel1.win32_1.0.100.202509120712/tools/bin/../lib/gcc/arm-none-eabi/13.3.1/../../../../arm-none-eabi/lib/thumb/v7e-m+fp/hard\libc_nano.a(libc_a-closer.o)
 .ARM.attributes
                0x0000072b       0x34 C:/ST/STM32CubeIDE_1.19.0/STM32CubeIDE/plugins/com.st.stm32cube.ide.mcu.externaltools.gnu-tools-for-stm32.13.3.rel1.win32_1.0.100.202509120712/tools/bin/../lib/gcc/arm-none-eabi/13.3.1/../../../../arm-none-eabi/lib/thumb/v7e-m+fp/hard\libc_nano.a(libc_a-reent.o)
 .ARM.attributes
                0x0000075f       0x34 C:/ST/STM32CubeIDE_1.19.0/STM32CubeIDE/plugins/com.st.stm32cube.ide.mcu.externaltools.gnu-tools-for-stm32.13.3.rel1.win32_1.0.100.202509120712/tools/bin/../lib/gcc/arm-none-eabi/13.3.1/../../../../arm-none-eabi/lib/thumb/v7e-m+fp/hard\libc_nano.a(libc_a-impure.o)
 .ARM.attributes
                0x00000793       0x34 C:/ST/STM32CubeIDE_1.19.0/STM32CubeIDE/plugins/com.st.stm32cube.ide.mcu.externaltools.gnu-tools-for-stm32.13.3.rel1.win32_1.0.100.202509120712/tools/bin/../lib/gcc/arm-none-eabi/13.3.1/../../../../arm-none-eabi/lib/thumb/v7e-m+fp/hard\libc_nano.a(libc_a-lseekr.o)
 .ARM.attributes
                0x000007c7       0x34 C:/ST/STM32CubeIDE_1.19.0/STM32CubeIDE/plugins/com.st.stm32cube.ide.mcu.externaltools.gnu-tools-for-stm32.13.3.rel1.win32_1.0.100.202509120712/tools/bin/../lib/gcc/arm-none-eabi/13.3.1/../../../../arm-none-eabi/lib/thumb/v7e-m+fp/hard\libc_nano.a(libc_a-readr.o)
 .ARM.attributes
                0x000007fb       0x34 C:/ST/STM32CubeIDE_1.19.0/STM32CubeIDE/plugins/com.st.stm32cube.ide.mcu.externaltools.gnu-tools-for-stm32.13.3.rel1.win32_1.0.100.202509120712/tools/bin/../lib/gcc/arm-none-eabi/13.3.1/../../../../arm-none-eabi/lib/thumb/v7e-m+fp/hard\libc_nano.a(libc_a-writer.o)
 .ARM.attributes
                0x0000082f       0x34 C:/ST/STM32CubeIDE_1.19.0/STM32CubeIDE/plugins/com.st.stm32cube.ide.mcu.externaltools.gnu-tools-for-stm32.13.3.rel1.win32_1.0.100.202509120712/tools/bin/../lib/gcc/arm-none-eabi/13.3.1/../../../../arm-none-eabi/lib/thumb/v7e-m+fp/hard\libc_nano.a(libc_a-errno.o)
 .ARM.attributes
                0x00000863       0x34 C:/ST/STM32CubeIDE_1.19.0/STM32CubeIDE/plugins/com.st.stm32cube.ide.mcu.externaltools.gnu-tools-for-stm32.13.3.rel1.win32_1.0.100.202509120712/tools/bin/../lib/gcc/arm-none-eabi/13.3.1/../../../../arm-none-eabi/lib/thumb/v7e-m+fp/hard\libc_nano.a(libc_a-init.o)
 .ARM.attributes
                0x00000897       0x34 C:/ST/STM32CubeIDE_1.19.0/STM32CubeIDE/plugins/com.st.stm32cube.ide.mcu.externaltools.gnu-tools-for-stm32.13.3.rel1.win32_1.0.100.202509120712/tools/bin/../lib/gcc/arm-none-eabi/13.3.1/../../../../arm-none-eabi/lib/thumb/v7e-m+fp/hard\libc_nano.a(libc_a-lock.o)
 .ARM.attributes
                0x000008cb       0x34 C:/ST/STM32CubeIDE_1.19.0/STM32CubeIDE/plugins/com.st.stm32cube.ide.mcu.externaltools.gnu-tools-for-stm32.13.3.rel1.win32_1.0.100.202509120712/tools/bin/../lib/gcc/arm-none-eabi/13.3.1/../../../../arm-none-eabi/lib/thumb/v7e-m+fp/hard\libc_nano.a(libc_a-freer.o)
 .ARM.attributes
                0x000008ff       0x34 C:/ST/STM32CubeIDE_1.19.0/STM32CubeIDE/plugins/com.st.stm32cube.ide.mcu.externaltools.gnu-tools-for-stm32.13.3.rel1.win32_1.0.100.202509120712/tools/bin/../lib/gcc/arm-none-eabi/13.3.1/../../../../arm-none-eabi/lib/thumb/v7e-m+fp/hard\libc_nano.a(libc_a-mallocr.o)
 .ARM.attributes
                0x00000933       0x34 C:/ST/STM32CubeIDE_1.19.0/STM32CubeIDE/plugins/com.st.stm32cube.ide.mcu.externaltools.gnu-tools-for-stm32.13.3.rel1.win32_1.0.100.202509120712/tools/bin/../lib/gcc/arm-none-eabi/13.3.1/../../../../arm-none-eabi/lib/thumb/v7e-m+fp/hard\libc_nano.a(libc_a-mlock.o)
 .ARM.attributes
                0x00000967       0x34 C:/ST/STM32CubeIDE_1.19.0/STM32CubeIDE/plugins/com.st.stm32cube.ide.mcu.externaltools.gnu-tools-for-stm32.13.3.rel1.win32_1.0.100.202509120712/tools/bin/../lib/gcc/arm-none-eabi/13.3.1/../../../../arm-none-eabi/lib/thumb/v7e-m+fp/hard\libc_nano.a(libc_a-nano-svfprintf.o)
 .ARM.attributes
                0x0000099b       0x34 C:/ST/STM32CubeIDE_1.19.0/STM32CubeIDE/plugins/com.st.stm32cube.ide.mcu.externaltools.gnu-tools-for-stm32.13.3.rel1.win32_1.0.100.202509120712/tools/bin/../lib/gcc/arm-none-eabi/13.3.1/../../../../arm-none-eabi/lib/thumb/v7e-m+fp/hard\libc_nano.a(libc_a-nano-vfprintf.o)
 .ARM.attributes
                0x000009cf       0x34 C:/ST/STM32CubeIDE_1.19.0/STM32CubeIDE/plugins/com.st.stm32cube.ide.mcu.externaltools.gnu-tools-for-stm32.13.3.rel1.win32_1.0.100.202509120712/tools/bin/../lib/gcc/arm-none-eabi/13.3.1/../../../../arm-none-eabi/lib/thumb/v7e-m+fp/hard\libc_nano.a(libc_a-nano-vfprintf_i.o)
 .ARM.attributes
                0x00000a03       0x34 C:/ST/STM32CubeIDE_1.19.0/STM32CubeIDE/plugins/com.st.stm32cube.ide.mcu.externaltools.gnu-tools-for-stm32.13.3.rel1.win32_1.0.100.202509120712/tools/bin/../lib/gcc/arm-none-eabi/13.3.1/../../../../arm-none-eabi/lib/thumb/v7e-m+fp/hard\libc_nano.a(libc_a-fflush.o)
 .ARM.attributes
                0x00000a37       0x34 C:/ST/STM32CubeIDE_1.19.0/STM32CubeIDE/plugins/com.st.stm32cube.ide.mcu.externaltools.gnu-tools-for-stm32.13.3.rel1.win32_1.0.100.202509120712/tools/bin/../lib/gcc/arm-none-eabi/13.3.1/../../../../arm-none-eabi/lib/thumb/v7e-m+fp/hard\libc_nano.a(libc_a-makebuf.o)
 .ARM.attributes
                0x00000a6b       0x34 C:/ST/STM32CubeIDE_1.19.0/STM32CubeIDE/plugins/com.st.stm32cube.ide.mcu.externaltools.gnu-tools-for-stm32.13.3.rel1.win32_1.0.100.202509120712/tools/bin/../lib/gcc/arm-none-eabi/13.3.1/../../../../arm-none-eabi/lib/thumb/v7e-m+fp/hard\libc_nano.a(libc_a-memmove.o)
 .ARM.attributes
                0x00000a9f       0x34 C:/ST/STM32CubeIDE_1.19.0/STM32CubeIDE/plugins/com.st.stm32cube.ide.mcu.externaltools.gnu-tools-for-stm32.13.3.rel1.win32_1.0.100.202509120712/tools/bin/../lib/gcc/arm-none-eabi/13.3.1/../../../../arm-none-eabi/lib/thumb/v7e-m+fp/hard\libc_nano.a(libc_a-fstatr.o)
 .ARM.attributes
                0x00000ad3       0x34 C:/ST/STM32CubeIDE_1.19.0/STM32CubeIDE/plugins/com.st.stm32cube.ide.mcu.externaltools.gnu-tools-for-stm32.13.3.rel1.win32_1.0.100.202509120712/tools/bin/../lib/gcc/arm-none-eabi/13.3.1/../../../../arm-none-eabi/lib/thumb/v7e-m+fp/hard\libc_nano.a(libc_a-isattyr.o)
 .ARM.attributes
                0x00000b07       0x34 C:/ST/STM32CubeIDE_1.19.0/STM32CubeIDE/plugins/com.st.stm32cube.ide.mcu.externaltools.gnu-tools-for-stm32.13.3.rel1.win32_1.0.100.202509120712/tools/bin/../lib/gcc/arm-none-eabi/13.3.1/../../../../arm-none-eabi/lib/thumb/v7e-m+fp/hard\libc_nano.a(libc_a-sbrkr.o)
 .ARM.attributes
                0x00000b3b       0x1c C:/ST/STM32CubeIDE_1.19.0/STM32CubeIDE/plugins/com.st.stm32cube.ide.mcu.externaltools.gnu-tools-for-stm32.13.3.rel1.win32_1.0.100.202509120712/tools/bin/../lib/gcc/arm-none-eabi/13.3.1/../../../../arm-none-eabi/lib/thumb/v7e-m+fp/hard\libc_nano.a(libc_a-memchr.o)
 .ARM.attributes
                0x00000b57       0x34 C:/ST/STM32CubeIDE_1.19.0/STM32CubeIDE/plugins/com.st.stm32cube.ide.mcu.externaltools.gnu-tools-for-stm32.13.3.rel1.win32_1.0.100.202509120712/tools/bin/../lib/gcc/arm-none-eabi/13.3.1/../../../../arm-none-eabi/lib/thumb/v7e-m+fp/hard\libc_nano.a(libc_a-memcpy-stub.o)
 .ARM.attributes
                0x00000b8b       0x34 C:/ST/STM32CubeIDE_1.19.0/STM32CubeIDE/plugins/com.st.stm32cube.ide.mcu.externaltools.gnu-tools-for-stm32.13.3.rel1.win32_1.0.100.202509120712/tools/bin/../lib/gcc/arm-none-eabi/13.3.1/../../../../arm-none-eabi/lib/thumb/v7e-m+fp/hard\libc_nano.a(libc_a-reallocr.o)
 .ARM.attributes
                0x00000bbf       0x34 C:/ST/STM32CubeIDE_1.19.0/STM32CubeIDE/plugins/com.st.stm32cube.ide.mcu.externaltools.gnu-tools-for-stm32.13.3.rel1.win32_1.0.100.202509120712/tools/bin/../lib/gcc/arm-none-eabi/13.3.1/../../../../arm-none-eabi/lib/thumb/v7e-m+fp/hard\libc_nano.a(libc_a-msizer.o)
 .ARM.attributes
                0x00000bf3       0x22 C:/ST/STM32CubeIDE_1.19.0/STM32CubeIDE/plugins/com.st.stm32cube.ide.mcu.externaltools.gnu-tools-for-stm32.13.3.rel1.win32_1.0.100.202509120712/tools/bin/../lib/gcc/arm-none-eabi/13.3.1/thumb/v7e-m+fp/hard\libgcc.a(_aeabi_uldivmod.o)
 .ARM.attributes
                0x00000c15       0x34 C:/ST/STM32CubeIDE_1.19.0/STM32CubeIDE/plugins/com.st.stm32cube.ide.mcu.externaltools.gnu-tools-for-stm32.13.3.rel1.win32_1.0.100.202509120712/tools/bin/../lib/gcc/arm-none-eabi/13.3.1/thumb/v7e-m+fp/hard\libgcc.a(_udivmoddi4.o)
 .ARM.attributes
                0x00000c49       0x22 C:/ST/STM32CubeIDE_1.19.0/STM32CubeIDE/plugins/com.st.stm32cube.ide.mcu.externaltools.gnu-tools-for-stm32.13.3.rel1.win32_1.0.100.202509120712/tools/bin/../lib/gcc/arm-none-eabi/13.3.1/thumb/v7e-m+fp/hard\libgcc.a(_dvmd_tls.o)
 .ARM.attributes
                0x00000c6b       0x22 C:/ST/STM32CubeIDE_1.19.0/STM32CubeIDE/plugins/com.st.stm32cube.ide.mcu.externaltools.gnu-tools-for-stm32.13.3.rel1.win32_1.0.100.202509120712/tools/bin/../lib/gcc/arm-none-eabi/13.3.1/thumb/v7e-m+fp/hard/crtn.o
OUTPUT(USB_int.elf elf32-littlearm)
LOAD linker stubs
LOAD C:/ST/STM32CubeIDE_1.19.0/STM32CubeIDE/plugins/com.st.stm32cube.ide.mcu.externaltools.gnu-tools-for-stm32.13.3.rel1.win32_1.0.100.202509120712/tools/bin/../lib/gcc/arm-none-eabi/13.3.1/../../../../arm-none-eabi/lib/thumb/v7e-m+fp/hard\libc.a
LOAD C:/ST/STM32CubeIDE_1.19.0/STM32CubeIDE/plugins/com.st.stm32cube.ide.mcu.externaltools.gnu-tools-for-stm32.13.3.rel1.win32_1.0.100.202509120712/tools/bin/../lib/gcc/arm-none-eabi/13.3.1/../../../../arm-none-eabi/lib/thumb/v7e-m+fp/hard\libm.a
LOAD C:/ST/STM32CubeIDE_1.19.0/STM32CubeIDE/plugins/com.st.stm32cube.ide.mcu.externaltools.gnu-tools-for-stm32.13.3.rel1.win32_1.0.100.202509120712/tools/bin/../lib/gcc/arm-none-eabi/13.3.1/thumb/v7e-m+fp/hard\libgcc.a

.debug_info     0x00000000    0x10bf6
 .debug_info    0x00000000      0x1ad ./Core/Common/fonts.o
 .debug_info    0x000001ad      0x9e0 ./Core/Src/fsmc.o
 .debug_info    0x00000b8d      0x691 ./Core/Src/gpio.o
 .debug_info    0x0000121e      0x401 ./Core/Src/lcd.o
 .debug_info    0x0000161f     0x10ac ./Core/Src/main.o
 .debug_info    0x000026cb      0x27c ./Core/Src/stm32f4xx_hal_msp.o
 .debug_info    0x00002947      0x70a ./Core/Src/stm32f4xx_it.o
 .debug_info    0x00003051      0x6a3 ./Core/Src/syscalls.o
 .debug_info    0x000036f4      0x168 ./Core/Src/sysmem.o
 .debug_info    0x0000385c      0x512 ./Core/Src/system_stm32f4xx.o
 .debug_info    0x00003d6e      0x994 ./Core/Src/tim.o
 .debug_info    0x00004702      0x939 ./Core/Src/usart.o
 .debug_info    0x0000503b       0x30 ./Core/Startup/startup_stm32f407ighx.o
 .debug_info    0x0000506b      0x20f ./Core/lcd_utilities/lcd_util.o
 .debug_info    0x0000527a      0xe72 ./Core/usb_dev_scr/usb_dev.o
 .debug_info    0x000060ec      0x944 ./Drivers/STM32F4xx_HAL_Driver/Src/stm32f4xx_hal.o
 .debug_info    0x00006a30      0xd8c ./Drivers/STM32F4xx_HAL_Driver/Src/stm32f4xx_hal_cortex.o
 .debug_info    0x000077bc      0x6c3 ./Drivers/STM32F4xx_HAL_Driver/Src/stm32f4xx_hal_gpio.o
 .debug_info    0x00007e7f      0x8c3 ./Drivers/STM32F4xx_HAL_Driver/Src/stm32f4xx_hal_rcc.o
 .debug_info    0x00008742      0xd48 ./Drivers/STM32F4xx_HAL_Driver/Src/stm32f4xx_hal_sram.o
 .debug_info    0x0000948a     0x299d ./Drivers/STM32F4xx_HAL_Driver/Src/stm32f4xx_hal_tim.o
 .debug_info    0x0000be27     0x14db ./Drivers/STM32F4xx_HAL_Driver/Src/stm32f4xx_hal_tim_ex.o
 .debug_info    0x0000d302     0x2f4f ./Drivers/STM32F4xx_HAL_Driver/Src/stm32f4xx_hal_uart.o
 .debug_info    0x00010251      0x9a5 ./Drivers/STM32F4xx_HAL_Driver/Src/stm32f4xx_ll_fsmc.o

.debug_abbrev   0x00000000     0x2cf5
 .debug_abbrev  0x00000000       0xca ./Core/Common/fonts.o
 .debug_abbrev  0x000000ca      0x212 ./Core/Src/fsmc.o
 .debug_abbrev  0x000002dc      0x171 ./Core/Src/gpio.o
 .debug_abbrev  0x0000044d      0x204 ./Core/Src/lcd.o
 .debug_abbrev  0x00000651      0x30a ./Core/Src/main.o
 .debug_abbrev  0x0000095b       0xf4 ./Core/Src/stm32f4xx_hal_msp.o
 .debug_abbrev  0x00000a4f      0x1da ./Core/Src/stm32f4xx_it.o
 .debug_abbrev  0x00000c29      0x1b6 ./Core/Src/syscalls.o
 .debug_abbrev  0x00000ddf       0xbc ./Core/Src/sysmem.o
 .debug_abbrev  0x00000e9b      0x11a ./Core/Src/system_stm32f4xx.o
 .debug_abbrev  0x00000fb5      0x1d8 ./Core/Src/tim.o
 .debug_abbrev  0x0000118d      0x1f9 ./Core/Src/usart.o
 .debug_abbrev  0x00001386       0x24 ./Core/Startup/startup_stm32f407ighx.o
 .debug_abbrev  0x000013aa      0x11a ./Core/lcd_utilities/lcd_util.o
 .debug_abbrev  0x000014c4      0x2ce ./Core/usb_dev_scr/usb_dev.o
 .debug_abbrev  0x00001792      0x214 ./Drivers/STM32F4xx_HAL_Driver/Src/stm32f4xx_hal.o
 .debug_abbrev  0x000019a6      0x31d ./Drivers/STM32F4xx_HAL_Driver/Src/stm32f4xx_hal_cortex.o
 .debug_abbrev  0x00001cc3      0x1d4 ./Drivers/STM32F4xx_HAL_Driver/Src/stm32f4xx_hal_gpio.o
 .debug_abbrev  0x00001e97      0x2b7 ./Drivers/STM32F4xx_HAL_Driver/Src/stm32f4xx_hal_rcc.o
 .debug_abbrev  0x0000214e      0x1f3 ./Drivers/STM32F4xx_HAL_Driver/Src/stm32f4xx_hal_sram.o
 .debug_abbrev  0x00002341      0x278 ./Drivers/STM32F4xx_HAL_Driver/Src/stm32f4xx_hal_tim.o
 .debug_abbrev  0x000025b9      0x283 ./Drivers/STM32F4xx_HAL_Driver/Src/stm32f4xx_hal_tim_ex.o
 .debug_abbrev  0x0000283c      0x30e ./Drivers/STM32F4xx_HAL_Driver/Src/stm32f4xx_hal_uart.o
 .debug_abbrev  0x00002b4a      0x1ab ./Drivers/STM32F4xx_HAL_Driver/Src/stm32f4xx_ll_fsmc.o

.debug_aranges  0x00000000      0xf58
 .debug_aranges
                0x00000000       0x18 ./Core/Common/fonts.o
 .debug_aranges
                0x00000018       0x40 ./Core/Src/fsmc.o
 .debug_aranges
                0x00000058       0x20 ./Core/Src/gpio.o
 .debug_aranges
                0x00000078       0x80 ./Core/Src/lcd.o
 .debug_aranges
                0x000000f8       0x38 ./Core/Src/main.o
 .debug_aranges
                0x00000130       0x20 ./Core/Src/stm32f4xx_hal_msp.o
 .debug_aranges
                0x00000150       0x70 ./Core/Src/stm32f4xx_it.o
 .debug_aranges
                0x000001c0       0xa8 ./Core/Src/syscalls.o
 .debug_aranges
                0x00000268       0x20 ./Core/Src/sysmem.o
 .debug_aranges
                0x00000288       0x28 ./Core/Src/system_stm32f4xx.o
 .debug_aranges
                0x000002b0       0x30 ./Core/Src/tim.o
 .debug_aranges
                0x000002e0       0x30 ./Core/Src/usart.o
 .debug_aranges
                0x00000310       0x28 ./Core/Startup/startup_stm32f407ighx.o
 .debug_aranges
                0x00000338       0x28 ./Core/lcd_utilities/lcd_util.o
 .debug_aranges
                0x00000360       0x58 ./Core/usb_dev_scr/usb_dev.o
 .debug_aranges
                0x000003b8       0xf0 ./Drivers/STM32F4xx_HAL_Driver/Src/stm32f4xx_hal.o
 .debug_aranges
                0x000004a8      0x130 ./Drivers/STM32F4xx_HAL_Driver/Src/stm32f4xx_hal_cortex.o
 .debug_aranges
                0x000005d8       0x58 ./Drivers/STM32F4xx_HAL_Driver/Src/stm32f4xx_hal_gpio.o
 .debug_aranges
                0x00000630       0x88 ./Drivers/STM32F4xx_HAL_Driver/Src/stm32f4xx_hal_rcc.o
 .debug_aranges
                0x000006b8       0xb8 ./Drivers/STM32F4xx_HAL_Driver/Src/stm32f4xx_hal_sram.o
 .debug_aranges
                0x00000770      0x3d0 ./Drivers/STM32F4xx_HAL_Driver/Src/stm32f4xx_hal_tim.o
 .debug_aranges
                0x00000b40      0x168 ./Drivers/STM32F4xx_HAL_Driver/Src/stm32f4xx_hal_tim_ex.o
 .debug_aranges
                0x00000ca8      0x208 ./Drivers/STM32F4xx_HAL_Driver/Src/stm32f4xx_hal_uart.o
 .debug_aranges
                0x00000eb0       0xa8 ./Drivers/STM32F4xx_HAL_Driver/Src/stm32f4xx_ll_fsmc.o

.debug_macro    0x00000000    0x239c0
 .debug_macro   0x00000000       0x73 ./Core/Common/fonts.o
 .debug_macro   0x00000073      0xad8 ./Core/Common/fonts.o
 .debug_macro   0x00000b4b       0x22 ./Core/Common/fonts.o
 .debug_macro   0x00000b6d       0x8e ./Core/Common/fonts.o
 .debug_macro   0x00000bfb       0x51 ./Core/Common/fonts.o
 .debug_macro   0x00000c4c      0x103 ./Core/Common/fonts.o
 .debug_macro   0x00000d4f       0x6a ./Core/Common/fonts.o
 .debug_macro   0x00000db9      0x1df ./Core/Common/fonts.o
 .debug_macro   0x00000f98      0x202 ./Core/Src/fsmc.o
 .debug_macro   0x0000119a      0x2a1 ./Core/Src/fsmc.o
 .debug_macro   0x0000143b       0x2e ./Core/Src/fsmc.o
 .debug_macro   0x00001469       0x2f ./Core/Src/fsmc.o
 .debug_macro   0x00001498       0x1c ./Core/Src/fsmc.o
 .debug_macro   0x000014b4       0x22 ./Core/Src/fsmc.o
 .debug_macro   0x000014d6       0xfb ./Core/Src/fsmc.o
 .debug_macro   0x000015d1     0x1011 ./Core/Src/fsmc.o
 .debug_macro   0x000025e2      0x11f ./Core/Src/fsmc.o
 .debug_macro   0x00002701    0x15ea5 ./Core/Src/fsmc.o
 .debug_macro   0x000185a6       0x6d ./Core/Src/fsmc.o
 .debug_macro   0x00018613     0x3693 ./Core/Src/fsmc.o
 .debug_macro   0x0001bca6      0x190 ./Core/Src/fsmc.o
 .debug_macro   0x0001be36       0x5c ./Core/Src/fsmc.o
 .debug_macro   0x0001be92      0x980 ./Core/Src/fsmc.o
 .debug_macro   0x0001c812      0x9e9 ./Core/Src/fsmc.o
 .debug_macro   0x0001d1fb      0x115 ./Core/Src/fsmc.o
 .debug_macro   0x0001d310      0x13e ./Core/Src/fsmc.o
 .debug_macro   0x0001d44e       0xa5 ./Core/Src/fsmc.o
 .debug_macro   0x0001d4f3      0x174 ./Core/Src/fsmc.o
 .debug_macro   0x0001d667      0x287 ./Core/Src/fsmc.o
 .debug_macro   0x0001d8ee       0x5f ./Core/Src/fsmc.o
 .debug_macro   0x0001d94d      0x236 ./Core/Src/fsmc.o
 .debug_macro   0x0001db83      0x12c ./Core/Src/fsmc.o
 .debug_macro   0x0001dcaf      0x21e ./Core/Src/fsmc.o
 .debug_macro   0x0001decd       0x2e ./Core/Src/fsmc.o
 .debug_macro   0x0001defb      0x516 ./Core/Src/fsmc.o
 .debug_macro   0x0001e411      0x127 ./Core/Src/fsmc.o
 .debug_macro   0x0001e538       0x7e ./Core/Src/fsmc.o
 .debug_macro   0x0001e5b6       0x89 ./Core/Src/fsmc.o
 .debug_macro   0x0001e63f      0x8ed ./Core/Src/fsmc.o
 .debug_macro   0x0001ef2c       0x4d ./Core/Src/fsmc.o
 .debug_macro   0x0001ef79      0x2aa ./Core/Src/fsmc.o
 .debug_macro   0x0001f223      0x12d ./Core/Src/fsmc.o
 .debug_macro   0x0001f350       0x16 ./Core/Src/fsmc.o
 .debug_macro   0x0001f366      0x202 ./Core/Src/gpio.o
 .debug_macro   0x0001f568       0xaa ./Core/Src/lcd.o
 .debug_macro   0x0001f612      0x42a ./Core/Src/lcd.o
 .debug_macro   0x0001fa3c      0x35b ./Core/Src/main.o
 .debug_macro   0x0001fd97       0x61 ./Core/Src/main.o
 .debug_macro   0x0001fdf8       0x2a ./Core/Src/main.o
 .debug_macro   0x0001fe22       0x43 ./Core/Src/main.o
 .debug_macro   0x0001fe65       0x34 ./Core/Src/main.o
 .debug_macro   0x0001fe99      0x370 ./Core/Src/main.o
 .debug_macro   0x00020209       0x16 ./Core/Src/main.o
 .debug_macro   0x0002021f       0x4a ./Core/Src/main.o
 .debug_macro   0x00020269       0x34 ./Core/Src/main.o
 .debug_macro   0x0002029d       0x10 ./Core/Src/main.o
 .debug_macro   0x000202ad       0x58 ./Core/Src/main.o
 .debug_macro   0x00020305       0x8e ./Core/Src/main.o
 .debug_macro   0x00020393       0x1c ./Core/Src/main.o
 .debug_macro   0x000203af      0x185 ./Core/Src/main.o
 .debug_macro   0x00020534       0x10 ./Core/Src/main.o
 .debug_macro   0x00020544       0x3c ./Core/Src/main.o
 .debug_macro   0x00020580       0x20 ./Core/Src/main.o
 .debug_macro   0x000205a0       0x88 ./Core/Src/main.o
 .debug_macro   0x00020628       0x10 ./Core/Src/main.o
 .debug_macro   0x00020638       0x1c ./Core/Src/main.o
 .debug_macro   0x00020654       0x10 ./Core/Src/main.o
 .debug_macro   0x00020664       0x1c ./Core/Src/main.o
 .debug_macro   0x00020680       0x16 ./Core/Src/main.o
 .debug_macro   0x00020696      0x146 ./Core/Src/main.o
 .debug_macro   0x000207dc      0x1f8 ./Core/Src/stm32f4xx_hal_msp.o
 .debug_macro   0x000209d4      0x2e3 ./Core/Src/stm32f4xx_it.o
 .debug_macro   0x00020cb7      0x274 ./Core/Src/syscalls.o
 .debug_macro   0x00020f2b       0x5b ./Core/Src/syscalls.o
 .debug_macro   0x00020f86       0x94 ./Core/Src/syscalls.o
 .debug_macro   0x0002101a       0x57 ./Core/Src/syscalls.o
 .debug_macro   0x00021071       0x10 ./Core/Src/syscalls.o
 .debug_macro   0x00021081       0x10 ./Core/Src/syscalls.o
 .debug_macro   0x00021091       0x10 ./Core/Src/syscalls.o
 .debug_macro   0x000210a1       0x10 ./Core/Src/syscalls.o
 .debug_macro   0x000210b1       0x1c ./Core/Src/syscalls.o
 .debug_macro   0x000210cd       0x52 ./Core/Src/syscalls.o
 .debug_macro   0x0002111f       0x22 ./Core/Src/syscalls.o
 .debug_macro   0x00021141       0x10 ./Core/Src/syscalls.o
 .debug_macro   0x00021151       0x52 ./Core/Src/syscalls.o
 .debug_macro   0x000211a3       0xcf ./Core/Src/syscalls.o
 .debug_macro   0x00021272       0x1c ./Core/Src/syscalls.o
 .debug_macro   0x0002128e       0x3d ./Core/Src/syscalls.o
 .debug_macro   0x000212cb       0x35 ./Core/Src/syscalls.o
 .debug_macro   0x00021300      0x12c ./Core/Src/syscalls.o
 .debug_macro   0x0002142c       0x16 ./Core/Src/syscalls.o
 .debug_macro   0x00021442       0x16 ./Core/Src/syscalls.o
 .debug_macro   0x00021458       0x29 ./Core/Src/syscalls.o
 .debug_macro   0x00021481       0x10 ./Core/Src/syscalls.o
 .debug_macro   0x00021491      0x242 ./Core/Src/syscalls.o
 .debug_macro   0x000216d3       0x10 ./Core/Src/syscalls.o
 .debug_macro   0x000216e3      0x18a ./Core/Src/syscalls.o
 .debug_macro   0x0002186d       0x16 ./Core/Src/syscalls.o
 .debug_macro   0x00021883       0xce ./Core/Src/syscalls.o
 .debug_macro   0x00021951      0x112 ./Core/Src/sysmem.o
 .debug_macro   0x00021a63      0x23c ./Core/Src/sysmem.o
 .debug_macro   0x00021c9f      0x1e9 ./Core/Src/system_stm32f4xx.o
 .debug_macro   0x00021e88      0x202 ./Core/Src/tim.o
 .debug_macro   0x0002208a      0x202 ./Core/Src/usart.o
 .debug_macro   0x0002228c      0x169 ./Core/lcd_utilities/lcd_util.o
 .debug_macro   0x000223f5       0x16 ./Core/lcd_utilities/lcd_util.o
 .debug_macro   0x0002240b       0x9e ./Core/lcd_utilities/lcd_util.o
 .debug_macro   0x000224a9      0x112 ./Core/lcd_utilities/lcd_util.o
 .debug_macro   0x000225bb       0x16 ./Core/lcd_utilities/lcd_util.o
 .debug_macro   0x000225d1      0x1f7 ./Core/usb_dev_scr/usb_dev.o
 .debug_macro   0x000227c8      0x249 ./Drivers/STM32F4xx_HAL_Driver/Src/stm32f4xx_hal.o
 .debug_macro   0x00022a11      0x1e9 ./Drivers/STM32F4xx_HAL_Driver/Src/stm32f4xx_hal_cortex.o
 .debug_macro   0x00022bfa      0x1ef ./Drivers/STM32F4xx_HAL_Driver/Src/stm32f4xx_hal_gpio.o
 .debug_macro   0x00022de9      0x20d ./Drivers/STM32F4xx_HAL_Driver/Src/stm32f4xx_hal_rcc.o
 .debug_macro   0x00022ff6      0x1e9 ./Drivers/STM32F4xx_HAL_Driver/Src/stm32f4xx_hal_sram.o
 .debug_macro   0x000231df      0x1ea ./Drivers/STM32F4xx_HAL_Driver/Src/stm32f4xx_hal_tim.o
 .debug_macro   0x000233c9      0x1e9 ./Drivers/STM32F4xx_HAL_Driver/Src/stm32f4xx_hal_tim_ex.o
 .debug_macro   0x000235b2      0x1ea ./Drivers/STM32F4xx_HAL_Driver/Src/stm32f4xx_hal_uart.o
 .debug_macro   0x0002379c      0x224 ./Drivers/STM32F4xx_HAL_Driver/Src/stm32f4xx_ll_fsmc.o

.debug_line     0x00000000    0x13277
 .debug_line    0x00000000      0x42a ./Core/Common/fonts.o
 .debug_line    0x0000042a      0x896 ./Core/Src/fsmc.o
 .debug_line    0x00000cc0      0x7a8 ./Core/Src/gpio.o
 .debug_line    0x00001468      0x704 ./Core/Src/lcd.o
 .debug_line    0x00001b6c      0xbb4 ./Core/Src/main.o
 .debug_line    0x00002720      0x77e ./Core/Src/stm32f4xx_hal_msp.o
 .debug_line    0x00002e9e      0xc7a ./Core/Src/stm32f4xx_it.o
 .debug_line    0x00003b18      0x8b6 ./Core/Src/syscalls.o
 .debug_line    0x000043ce      0x592 ./Core/Src/sysmem.o
 .debug_line    0x00004960      0x7f3 ./Core/Src/system_stm32f4xx.o
 .debug_line    0x00005153      0x7f4 ./Core/Src/tim.o
 .debug_line    0x00005947      0x7fd ./Core/Src/usart.o
 .debug_line    0x00006144       0x7a ./Core/Startup/startup_stm32f407ighx.o
 .debug_line    0x000061be      0x628 ./Core/lcd_utilities/lcd_util.o
 .debug_line    0x000067e6      0xa0f ./Core/usb_dev_scr/usb_dev.o
 .debug_line    0x000071f5      0xa6f ./Drivers/STM32F4xx_HAL_Driver/Src/stm32f4xx_hal.o
 .debug_line    0x00007c64      0xd3f ./Drivers/STM32F4xx_HAL_Driver/Src/stm32f4xx_hal_cortex.o
 .debug_line    0x000089a3      0xbc7 ./Drivers/STM32F4xx_HAL_Driver/Src/stm32f4xx_hal_gpio.o
 .debug_line    0x0000956a      0xe7c ./Drivers/STM32F4xx_HAL_Driver/Src/stm32f4xx_hal_rcc.o
 .debug_line    0x0000a3e6      0xc5c ./Drivers/STM32F4xx_HAL_Driver/Src/stm32f4xx_hal_sram.o
 .debug_line    0x0000b042     0x37e4 ./Drivers/STM32F4xx_HAL_Driver/Src/stm32f4xx_hal_tim.o
 .debug_line    0x0000e826     0x19cf ./Drivers/STM32F4xx_HAL_Driver/Src/stm32f4xx_hal_tim_ex.o
 .debug_line    0x000101f5     0x25b7 ./Drivers/STM32F4xx_HAL_Driver/Src/stm32f4xx_hal_uart.o
 .debug_line    0x000127ac      0xacb ./Drivers/STM32F4xx_HAL_Driver/Src/stm32f4xx_ll_fsmc.o

.debug_str      0x00000000    0xd2215
 .debug_str     0x00000000    0xd2215 ./Core/Common/fonts.o
                               0x3e44 (size before relaxing)
 .debug_str     0x000d2215        0x0 ./Core/Src/fsmc.o
                              0xc7490 (size before relaxing)
 .debug_str     0x000d2215        0x0 ./Core/Src/gpio.o